<html>
<body>
<pre>
<h1>µVision Build Log</h1>
<h2>Tool Versions:</h2>
IDE-Version: ¦ÌVision V5.40.0.0
Copyright (C) 2024 ARM Ltd and ARM Germany GmbH. All rights reserved.
License Information: a WHC, a, LIC=Y2B1Q-NT8G7-06FQU-SI2XF-BGK9R-R47X3
 
Tool Versions:
Toolchain:       MDK-ARM Professional  Version: 5.40.0.3
Toolchain Path:  F:\keil5\ARM\ARMCLANG\Bin
C Compiler:      ArmClang.exe V6.22
Assembler:       Armasm.exe V6.22
Linker/Locator:  ArmLink.exe V6.22
Library Manager: ArmAr.exe V6.22
Hex Converter:   FromElf.exe V6.22
CPU DLL:         SARMCM3.DLL V5.40.0.3
Dialog DLL:      DCM.DLL V1.17.5.0
Target DLL:      CMSIS_AGDI.dll V1.33.18.0
Dialog DLL:      TCM.DLL V1.56.4.0
 
<h2>Project:</h2>
F:\RCIA\OmnidirectionalChassis_C_board_2026\MDK-ARM\OmnidirectionalChassis_C_board_2026.uvprojx
Project File Date:  09/22/2025

<h2>Output:</h2>
*** Using Compiler 'V6.22', folder: 'F:\keil5\ARM\ARMCLANG\Bin'
Build target 'OmnidirectionalChassis_C_board_2026'
Note: source file '.\User\HighLayer\Capacitor.hpp' - object file renamed from 'OmnidirectionalChassis_C_board_2026\Capacitor.o' to 'OmnidirectionalChassis_C_board_2026\capacitor_1.o'.
Note: source file '.\User\HighLayer\chassis.hpp' - object file renamed from 'OmnidirectionalChassis_C_board_2026\chassis.o' to 'OmnidirectionalChassis_C_board_2026\chassis_1.o'.
Note: source file '.\User\HighLayer\Communication.hpp' - object file renamed from 'OmnidirectionalChassis_C_board_2026\Communication.o' to 'OmnidirectionalChassis_C_board_2026\communication_1.o'.
Note: source file '.\User\HighLayer\Control.hpp' - object file renamed from 'OmnidirectionalChassis_C_board_2026\Control.o' to 'OmnidirectionalChassis_C_board_2026\control_1.o'.
Note: source file '.\User\HighLayer\Monitor.hpp' - object file renamed from 'OmnidirectionalChassis_C_board_2026\Monitor.o' to 'OmnidirectionalChassis_C_board_2026\monitor_1.o'.
Note: source file '.\User\MidLayer\Algorithms\algorithm\adrc.hpp' - object file renamed from 'OmnidirectionalChassis_C_board_2026\adrc.o' to 'OmnidirectionalChassis_C_board_2026\adrc_1.o'.
Note: source file '.\User\MidLayer\Algorithms\algorithm\pid.hpp' - object file renamed from 'OmnidirectionalChassis_C_board_2026\pid.o' to 'OmnidirectionalChassis_C_board_2026\pid_1.o'.
Note: source file '.\User\MidLayer\Algorithms\filter\Low-pass filter.hpp' - object file renamed from 'OmnidirectionalChassis_C_board_2026\Low-pass filter.o' to 'OmnidirectionalChassis_C_board_2026\low-pass filter_1.o'.
Note: source file '.\User\MidLayer\Algorithms\kinematics\chassis_kinematics.hpp' - object file renamed from 'OmnidirectionalChassis_C_board_2026\chassis_kinematics.o' to 'OmnidirectionalChassis_C_board_2026\chassis_kinematics_1.o'.
Note: source file '.\User\MidLayer\Algorithms\odometry\odometry.hpp' - object file renamed from 'OmnidirectionalChassis_C_board_2026\odometry.o' to 'OmnidirectionalChassis_C_board_2026\odometry_1.o'.
Note: source file '.\User\MidLayer\Controllers\chassis_control\chassis_control.hpp' - object file renamed from 'OmnidirectionalChassis_C_board_2026\chassis_control.o' to 'OmnidirectionalChassis_C_board_2026\chassis_control_1.o'.
Note: source file '.\User\MidLayer\Controllers\signal_processing\target.hpp' - object file renamed from 'OmnidirectionalChassis_C_board_2026\target.o' to 'OmnidirectionalChassis_C_board_2026\target_1.o'.
Note: source file '.\User\MidLayer\Managers\comm_manager\Callback.hpp' - object file renamed from 'OmnidirectionalChassis_C_board_2026\Callback.o' to 'OmnidirectionalChassis_C_board_2026\callback_1.o'.
Note: source file '.\User\MidLayer\Managers\comm_manager\CtoA.hpp' - object file renamed from 'OmnidirectionalChassis_C_board_2026\CtoA.o' to 'OmnidirectionalChassis_C_board_2026\ctoa_1.o'.
Note: source file '.\User\MidLayer\Managers\power_manager\power.hpp' - object file renamed from 'OmnidirectionalChassis_C_board_2026\power.o' to 'OmnidirectionalChassis_C_board_2026\power_1.o'.
Note: source file '.\User\MidLayer\Managers\state_manager\state.hpp' - object file renamed from 'OmnidirectionalChassis_C_board_2026\state.o' to 'OmnidirectionalChassis_C_board_2026\state_1.o'.
Note: source file '.\User\LowLayer\Equipment\capacitor\Anhe.hpp' - object file renamed from 'OmnidirectionalChassis_C_board_2026\Anhe.o' to 'OmnidirectionalChassis_C_board_2026\anhe_1.o'.
Note: source file '.\User\LowLayer\Equipment\capacitor\Developed.hpp' - object file renamed from 'OmnidirectionalChassis_C_board_2026\Developed.o' to 'OmnidirectionalChassis_C_board_2026\developed_1.o'.
Note: source file '.\User\LowLayer\Equipment\imu\CH104.hpp' - object file renamed from 'OmnidirectionalChassis_C_board_2026\CH104.o' to 'OmnidirectionalChassis_C_board_2026\ch104_1.o'.
Note: source file '.\User\LowLayer\Equipment\imu\HI12.hpp' - object file renamed from 'OmnidirectionalChassis_C_board_2026\HI12.o' to 'OmnidirectionalChassis_C_board_2026\hi12_1.o'.
Note: source file '.\User\LowLayer\Equipment\motor\djimotor.hpp' - object file renamed from 'OmnidirectionalChassis_C_board_2026\djimotor.o' to 'OmnidirectionalChassis_C_board_2026\djimotor_1.o'.
Note: source file '.\User\LowLayer\Equipment\remote\Dr16.hpp' - object file renamed from 'OmnidirectionalChassis_C_board_2026\Dr16.o' to 'OmnidirectionalChassis_C_board_2026\dr16_1.o'.
Note: source file '.\User\LowLayer\HAL_\can\can_driver.hpp' - object file renamed from 'OmnidirectionalChassis_C_board_2026\can_driver.o' to 'OmnidirectionalChassis_C_board_2026\can_driver_1.o'.
Note: source file '.\User\LowLayer\HAL_\gpio\gpio_driver.cpp' - object file renamed from 'OmnidirectionalChassis_C_board_2026\gpio_driver.o' to 'OmnidirectionalChassis_C_board_2026\gpio_driver_2.o'.
Note: source file '.\User\LowLayer\HAL_\gpio\gpio_driver.hpp' - object file renamed from 'OmnidirectionalChassis_C_board_2026\gpio_driver.o' to 'OmnidirectionalChassis_C_board_2026\gpio_driver_1.o'.
Note: source file '.\User\LowLayer\HAL_\pwm\pwm_driver.hpp' - object file renamed from 'OmnidirectionalChassis_C_board_2026\pwm_driver.o' to 'OmnidirectionalChassis_C_board_2026\pwm_driver_1.o'.
Note: source file '.\User\LowLayer\HAL_\uart\uart_driver.hpp' - object file renamed from 'OmnidirectionalChassis_C_board_2026\uart_driver.o' to 'OmnidirectionalChassis_C_board_2026\uart_driver_1.o'.
compiling Callback.cpp...
compiling Callback.hpp...
compiling Dr16.hpp...
compiling uart_driver.hpp...
compiling main.c...
compiling Dr16.cpp...
compiling uart_driver.cpp...
linking...
Program Size: Code=40296 RO-data=1512 RW-data=28 ZI-data=19596  
FromELF: creating hex file...
"OmnidirectionalChassis_C_board_2026\OmnidirectionalChassis_C_board_2026.axf" - 0 Error(s), 0 Warning(s).

<h2>Software Packages used:</h2>

Package Vendor: ARM
                https://www.keil.com/pack/ARM.CMSIS.6.1.0.pack
                ARM::CMSIS@6.1.0
                CMSIS (Common Microcontroller Software Interface Standard)
   * Component: CORE Version: 6.1.0

Package Vendor: Keil
                https://www.keil.com/pack/Keil.STM32F4xx_DFP.3.0.0.pack
                Keil::STM32F4xx_DFP@3.0.0
                STMicroelectronics STM32F4 Series Device Support

<h2>Collection of Component include folders:</h2>
  ./RTE/_OmnidirectionalChassis_C_board_2026
  F:/keil5/ARM/PACK/ARM/CMSIS/6.1.0/CMSIS/Core/Include

<h2>Collection of Component Files used:</h2>

   * Component: ARM::CMSIS:CORE@6.1.0
      Include file:  CMSIS/Core/Include/tz_context.h
Build Time Elapsed:  00:00:02
</pre>
</body>
</html>
