Component: Arm Compiler for Embedded 6.22 Tool: armlink [5ee90200]

==============================================================================

Section Cross References

    startup_stm32f407xx.o(STACK) refers (Special) to heapauxi.o(.text) for __use_two_region_memory
    startup_stm32f407xx.o(HEAP) refers (Special) to heapauxi.o(.text) for __use_two_region_memory
    startup_stm32f407xx.o(RESET) refers (Special) to heapauxi.o(.text) for __use_two_region_memory
    startup_stm32f407xx.o(RESET) refers to startup_stm32f407xx.o(STACK) for __initial_sp
    startup_stm32f407xx.o(RESET) refers to startup_stm32f407xx.o(.text) for Reset_Handler
    startup_stm32f407xx.o(RESET) refers to stm32f4xx_it.o(.text.NMI_Handler) for NMI_Handler
    startup_stm32f407xx.o(RESET) refers to stm32f4xx_it.o(.text.HardFault_Handler) for HardFault_Handler
    startup_stm32f407xx.o(RESET) refers to stm32f4xx_it.o(.text.MemManage_Handler) for MemManage_Handler
    startup_stm32f407xx.o(RESET) refers to stm32f4xx_it.o(.text.BusFault_Handler) for BusFault_Handler
    startup_stm32f407xx.o(RESET) refers to stm32f4xx_it.o(.text.UsageFault_Handler) for UsageFault_Handler
    startup_stm32f407xx.o(RESET) refers to port.o(.text.SVC_Handler) for SVC_Handler
    startup_stm32f407xx.o(RESET) refers to stm32f4xx_it.o(.text.DebugMon_Handler) for DebugMon_Handler
    startup_stm32f407xx.o(RESET) refers to port.o(.text.PendSV_Handler) for PendSV_Handler
    startup_stm32f407xx.o(RESET) refers to port.o(.text.SysTick_Handler) for SysTick_Handler
    startup_stm32f407xx.o(RESET) refers to stm32f4xx_it.o(.text.DMA1_Stream1_IRQHandler) for DMA1_Stream1_IRQHandler
    startup_stm32f407xx.o(RESET) refers to stm32f4xx_it.o(.text.CAN1_TX_IRQHandler) for CAN1_TX_IRQHandler
    startup_stm32f407xx.o(RESET) refers to stm32f4xx_it.o(.text.CAN1_RX0_IRQHandler) for CAN1_RX0_IRQHandler
    startup_stm32f407xx.o(RESET) refers to stm32f4xx_it.o(.text.TIM1_UP_TIM10_IRQHandler) for TIM1_UP_TIM10_IRQHandler
    startup_stm32f407xx.o(RESET) refers to stm32f4xx_it.o(.text.TIM4_IRQHandler) for TIM4_IRQHandler
    startup_stm32f407xx.o(RESET) refers to stm32f4xx_it.o(.text.USART1_IRQHandler) for USART1_IRQHandler
    startup_stm32f407xx.o(RESET) refers to stm32f4xx_it.o(.text.USART3_IRQHandler) for USART3_IRQHandler
    startup_stm32f407xx.o(RESET) refers to stm32f4xx_it.o(.text.DMA2_Stream2_IRQHandler) for DMA2_Stream2_IRQHandler
    startup_stm32f407xx.o(RESET) refers to stm32f4xx_it.o(.text.CAN2_TX_IRQHandler) for CAN2_TX_IRQHandler
    startup_stm32f407xx.o(RESET) refers to stm32f4xx_it.o(.text.CAN2_RX0_IRQHandler) for CAN2_RX0_IRQHandler
    startup_stm32f407xx.o(RESET) refers to stm32f4xx_it.o(.text.DMA2_Stream6_IRQHandler) for DMA2_Stream6_IRQHandler
    startup_stm32f407xx.o(RESET) refers to stm32f4xx_it.o(.text.DMA2_Stream7_IRQHandler) for DMA2_Stream7_IRQHandler
    startup_stm32f407xx.o(RESET) refers to stm32f4xx_it.o(.text.USART6_IRQHandler) for USART6_IRQHandler
    startup_stm32f407xx.o(.text) refers (Special) to heapauxi.o(.text) for __use_two_region_memory
    startup_stm32f407xx.o(.text) refers to system_stm32f4xx.o(.text.SystemInit) for SystemInit
    startup_stm32f407xx.o(.text) refers to __main.o(!!!main) for __main
    startup_stm32f407xx.o(.text) refers to startup_stm32f407xx.o(HEAP) for Heap_Mem
    startup_stm32f407xx.o(.text) refers to startup_stm32f407xx.o(STACK) for Stack_Mem
    main.o(.text.main) refers to stm32f4xx_hal.o(.text.HAL_Init) for HAL_Init
    main.o(.text.main) refers to main.o(.text.SystemClock_Config) for SystemClock_Config
    main.o(.text.main) refers to gpio.o(.text.MX_GPIO_Init) for MX_GPIO_Init
    main.o(.text.main) refers to dma.o(.text.MX_DMA_Init) for MX_DMA_Init
    main.o(.text.main) refers to can.o(.text.MX_CAN1_Init) for MX_CAN1_Init
    main.o(.text.main) refers to can.o(.text.MX_CAN2_Init) for MX_CAN2_Init
    main.o(.text.main) refers to usart.o(.text.MX_USART3_UART_Init) for MX_USART3_UART_Init
    main.o(.text.main) refers to usart.o(.text.MX_USART1_UART_Init) for MX_USART1_UART_Init
    main.o(.text.main) refers to usart.o(.text.MX_USART6_UART_Init) for MX_USART6_UART_Init
    main.o(.text.main) refers to tim.o(.text.MX_TIM4_Init) for MX_TIM4_Init
    main.o(.text.main) refers to djimotor.o(.text.CanInit) for CanInit
    main.o(.text.main) refers to uart_driver.o(.text.RxEventCallback) for RxEventCallback
    main.o(.text.main) refers to freertos.o(.text.MX_FREERTOS_Init) for MX_FREERTOS_Init
    main.o(.text.main) refers to cmsis_os.o(.text.osKernelStart) for osKernelStart
    main.o(.ARM.exidx.text.main) refers to main.o(.text.main) for [Anonymous Symbol]
    main.o(.text.SystemClock_Config) refers to rt_memclr_w.o(.text) for __aeabi_memclr4
    main.o(.text.SystemClock_Config) refers to stm32f4xx_hal_rcc.o(.text.HAL_RCC_OscConfig) for HAL_RCC_OscConfig
    main.o(.text.SystemClock_Config) refers to main.o(.text.Error_Handler) for Error_Handler
[...]
    __cxa_new_handler                        0x20000338   Data           4  cxa_default_handlers.cpp.o(.bss.__cxa_new_handler)
    capacitorHandle                          0x2000033c   Data           4  freertos.o(.bss.capacitorHandle)
    chassis_commHandle                       0x20000340   Data           4  freertos.o(.bss.chassis_commHandle)
    chassis_ctrlHandle                       0x20000344   Data           4  freertos.o(.bss.chassis_ctrlHandle)
    chassis_monitorHandle                    0x20000348   Data           4  freertos.o(.bss.chassis_monitorHandle)
    defaultTaskHandle                        0x2000034c   Data           4  freertos.o(.bss.defaultTaskHandle)
    dr16                                     0x20000350   Data          92  dr16.o(.bss.dr16)
    hcan1                                    0x200003ac   Data          40  can.o(.bss.hcan1)
    hcan2                                    0x200003d4   Data          40  can.o(.bss.hcan2)
    hdma_usart1_rx                           0x200003fc   Data          96  usart.o(.bss.hdma_usart1_rx)
    hdma_usart1_tx                           0x2000045c   Data          96  usart.o(.bss.hdma_usart1_tx)
    hdma_usart3_rx                           0x200004bc   Data          96  usart.o(.bss.hdma_usart3_rx)
    hdma_usart6_tx                           0x2000051c   Data          96  usart.o(.bss.hdma_usart6_tx)
    htim1                                    0x2000057c   Data          72  stm32f4xx_hal_timebase_tim.o(.bss.htim1)
    htim4                                    0x200005c4   Data          72  tim.o(.bss.htim4)
    huart1                                   0x2000060c   Data          72  usart.o(.bss.huart1)
    huart3                                   0x20000654   Data          72  usart.o(.bss.huart3)
    huart6                                   0x2000069c   Data          72  usart.o(.bss.huart6)
    pData                                    0x200006e4   Data          18  dr16.o(.bss.pData)
    pxCurrentTCB                             0x200006f8   Data           4  tasks.o(.bss.pxCurrentTCB)
    uwTick                                   0x2000439c   Data           4  stm32f4xx_hal.o(.bss.uwTick)



==============================================================================

Memory Map of the image

  Image Entry point : 0x08000189

  Load Region LR_IROM1 (Base: 0x08000000, Size: 0x0000a370, Max: 0x00100000, ABSOLUTE)

    Execution Region ER_IROM1 (Exec base: 0x08000000, Load base: 0x08000000, Size: 0x0000a350, Max: 0x00100000, ABSOLUTE)

    Exec Addr    Load Addr    Size         Type   Attr      Idx    E Section Name        Object

    0x08000000   0x08000000   0x00000188   Data   RO            3    RESET               startup_stm32f407xx.o
    0x08000188   0x08000188   0x00000008   Code   RO         2102  * !!!main             c_w.l(__main.o)
    0x08000190   0x08000190   0x0000005c   Code   RO         2776    !!!scatter          c_w.l(__scatter.o)
    0x080001ec   0x080001ec   0x0000001a   Code   RO         2780    !!handler_copy      c_w.l(__scatter_copy.o)
    0x08000206   0x08000206   0x00000002   PAD
    0x08000208   0x08000208   0x00000002   Code   RO         2777    !!handler_null      c_w.l(__scatter.o)
    0x0800020a   0x0800020a   0x00000002   PAD
    0x0800020c   0x0800020c   0x0000001c   Code   RO         2782    !!handler_zi        c_w.l(__scatter_zi.o)
    0x08000228   0x08000228   0x00000000   Code   RO         2481    .ARM.Collect$$_printf_percent$$00000000  c_w.l(_printf_percent.o)
    0x08000228   0x08000228   0x00000006   Code   RO         2470    .ARM.Collect$$_printf_percent$$00000001  c_w.l(_printf_n.o)
    0x0800022e   0x0800022e   0x00000006   Code   RO         2472    .ARM.Collect$$_printf_percent$$00000002  c_w.l(_printf_p.o)
    0x08000234   0x08000234   0x00000006   Code   RO         2477    .ARM.Collect$$_printf_percent$$00000003  c_w.l(_printf_f.o)
    0x0800023a   0x0800023a   0x00000006   Code   RO         2478    .ARM.Collect$$_printf_percent$$00000004  c_w.l(_printf_e.o)
    0x08000240   0x08000240   0x00000006   Code   RO         2479    .ARM.Collect$$_printf_percent$$00000005  c_w.l(_printf_g.o)
    0x08000246   0x08000246   0x00000006   Code   RO         2480    .ARM.Collect$$_printf_percent$$00000006  c_w.l(_printf_a.o)
    0x0800024c   0x0800024c   0x0000000a   Code   RO         2485    .ARM.Collect$$_printf_percent$$00000007  c_w.l(_printf_ll.o)
    0x08000256   0x08000256   0x00000006   Code   RO         2474    .ARM.Collect$$_printf_percent$$00000008  c_w.l(_printf_i.o)
    0x0800025c   0x0800025c   0x00000006   Code   RO         2475    .ARM.Collect$$_printf_percent$$00000009  c_w.l(_printf_d.o)
    0x08000262   0x08000262   0x00000006   Code   RO         2476    .ARM.Collect$$_printf_percent$$0000000A  c_w.l(_printf_u.o)
    0x08000268   0x08000268   0x00000006   Code   RO         2473    .ARM.Collect$$_printf_percent$$0000000B  c_w.l(_printf_o.o)
    0x0800026e   0x0800026e   0x00000006   Code   RO         2471    .ARM.Collect$$_printf_percent$$0000000C  c_w.l(_printf_x.o)
    0x08000274   0x08000274   0x00000006   Code   RO         2482    .ARM.Collect$$_printf_percent$$0000000D  c_w.l(_printf_lli.o)
    0x0800027a   0x0800027a   0x00000006   Code   RO         2483    .ARM.Collect$$_printf_percent$$0000000E  c_w.l(_printf_lld.o)
    0x08000280   0x08000280   0x00000006   Code   RO         2484    .ARM.Collect$$_printf_percent$$0000000F  c_w.l(_printf_llu.o)
    0x08000286   0x08000286   0x00000006   Code   RO         2489    .ARM.Collect$$_printf_percent$$00000010  c_w.l(_printf_llo.o)
    0x0800028c   0x0800028c   0x00000006   Code   RO         2490    .ARM.Collect$$_printf_percent$$00000011  c_w.l(_printf_llx.o)
    0x08000292   0x08000292   0x0000000a   Code   RO         2486    .ARM.Collect$$_printf_percent$$00000012  c_w.l(_printf_l.o)
    0x0800029c   0x0800029c   0x00000006   Code   RO         2468    .ARM.Collect$$_printf_percent$$00000013  c_w.l(_printf_c.o)
    0x080002a2   0x080002a2   0x00000006   Code   RO         2469    .ARM.Collect$$_printf_percent$$00000014  c_w.l(_printf_s.o)
    0x080002a8   0x080002a8   0x00000006   Code   RO         2487    .ARM.Collect$$_printf_percent$$00000015  c_w.l(_printf_lc.o)
    0x080002ae   0x080002ae   0x00000006   Code   RO         2488    .ARM.Collect$$_printf_percent$$00000016  c_w.l(_printf_ls.o)
    0x080002b4   0x080002b4   0x00000004   Code   RO         2569    .ARM.Collect$$_printf_percent$$00000017  c_w.l(_printf_percent_end.o)
    0x080002b8   0x080002b8   0x00000002   Code   RO         2623    .ARM.Collect$$libinit$$00000000  c_w.l(libinit.o)
    0x080002ba   0x080002ba   0x00000004   Code   RO         2266    .ARM.Collect$$libinit$$00000001  c_w.l(libinit2.o)
    0x080002be   0x080002be   0x00000000   Code   RO         2269    .ARM.Collect$$libinit$$00000004  c_w.l(libinit2.o)
    0x080002be   0x080002be   0x00000000   Code   RO         2271    .ARM.Collect$$libinit$$00000006  c_w.l(libinit2.o)
    0x080002be   0x080002be   0x00000008   Code   RO         2272    .ARM.Collect$$libinit$$00000007  c_w.l(libinit2.o)
    0x080002c6   0x080002c6   0x00000000   Code   RO         2274    .ARM.Collect$$libinit$$0000000C  c_w.l(libinit2.o)
    0x080002c6   0x080002c6   0x00000000   Code   RO         2276    .ARM.Collect$$libinit$$0000000E  c_w.l(libinit2.o)
    0x080002c6   0x080002c6   0x00000000   Code   RO         2278    .ARM.Collect$$libinit$$00000010  c_w.l(libinit2.o)
    0x080002c6   0x080002c6   0x00000006   Code   RO         2279    .ARM.Collect$$libinit$$00000011  c_w.l(libinit2.o)
    0x080002cc   0x080002cc   0x00000000   Code   RO         2281    .ARM.Collect$$libinit$$00000013  c_w.l(libinit2.o)
    0x080002cc   0x080002cc   0x0000000c   Code   RO         2282    .ARM.Collect$$libinit$$00000014  c_w.l(libinit2.o)
    0x080002d8   0x080002d8   0x00000000   Code   RO         2283    .ARM.Collect$$libinit$$00000015  c_w.l(libinit2.o)
    0x080002d8   0x080002d8   0x00000000   Code   RO         2285    .ARM.Collect$$libinit$$00000017  c_w.l(libinit2.o)
    0x080002d8   0x080002d8   0x0000000a   Code   RO         2286    .ARM.Collect$$libinit$$00000018  c_w.l(libinit2.o)
    0x080002e2   0x080002e2   0x00000000   Code   RO         2287    .ARM.Collect$$libinit$$00000019  c_w.l(libinit2.o)
    0x080002e2   0x080002e2   0x00000000   Code   RO         2289    .ARM.Collect$$libinit$$0000001B  c_w.l(libinit2.o)
    0x080002e2   0x080002e2   0x00000000   Code   RO         2291    .ARM.Collect$$libinit$$0000001D  c_w.l(libinit2.o)
    0x080002e2   0x080002e2   0x00000000   Code   RO         2293    .ARM.Collect$$libinit$$0000001F  c_w.l(libinit2.o)
    0x080002e2   0x080002e2   0x00000000   Code   RO         2295    .ARM.Collect$$libinit$$00000021  c_w.l(libinit2.o)
    0x080002e2   0x080002e2   0x00000000   Code   RO         2297    .ARM.Collect$$libinit$$00000023  c_w.l(libinit2.o)
    0x080002e2   0x080002e2   0x00000000   Code   RO         2299    .ARM.Collect$$libinit$$00000025  c_w.l(libinit2.o)
    0x080002e2   0x080002e2   0x00000004   Code   RO         2300    .ARM.Collect$$libinit$$00000026  c_w.l(libinit2.o)
    0x080002e6   0x080002e6   0x00000000   Code   RO         2301    .ARM.Collect$$libinit$$00000027  c_w.l(libinit2.o)
    0x080002e6   0x080002e6   0x00000000   Code   RO         2305    .ARM.Collect$$libinit$$0000002E  c_w.l(libinit2.o)
    0x080002e6   0x080002e6   0x00000000   Code   RO         2307    .ARM.Collect$$libinit$$00000030  c_w.l(libinit2.o)
    0x080002e6   0x080002e6   0x00000000   Code   RO         2309    .ARM.Collect$$libinit$$00000032  c_w.l(libinit2.o)
    0x080002e6   0x080002e6   0x00000004   Code   RO         2310    .ARM.Collect$$libinit$$00000033  c_w.l(libinit2.o)
    0x080002ea   0x080002ea   0x00000000   Code   RO         2311    .ARM.Collect$$libinit$$00000034  c_w.l(libinit2.o)
    0x080002ea   0x080002ea   0x00000002   Code   RO         2312    .ARM.Collect$$libinit$$00000035  c_w.l(libinit2.o)
    0x080002ec   0x080002ec   0x00000002   Code   RO         2774    .ARM.Collect$$libshutdown$$00000000  c_w.l(libshutdown.o)
    0x080002ee   0x080002ee   0x00000006   Code   RO         2624    .ARM.Collect$$libshutdown$$00000001  c_w.l(libshutdown2.o)
    0x080002f4   0x080002f4   0x00000000   Code   RO         2625    .ARM.Collect$$libshutdown$$00000002  c_w.l(libshutdown2.o)
    0x080002f4   0x080002f4   0x00000004   Code   RO         2626    .ARM.Collect$$libshutdown$$00000003  c_w.l(libshutdown2.o)
    0x080002f8   0x080002f8   0x00000000   Code   RO         2627    .ARM.Collect$$libshutdown$$00000004  c_w.l(libshutdown2.o)
    0x080002f8   0x080002f8   0x00000000   Code   RO         2630    .ARM.Collect$$libshutdown$$00000007  c_w.l(libshutdown2.o)
    0x080002f8   0x080002f8   0x00000000   Code   RO         2633    .ARM.Collect$$libshutdown$$0000000A  c_w.l(libshutdown2.o)
    0x080002f8   0x080002f8   0x00000000   Code   RO         2635    .ARM.Collect$$libshutdown$$0000000C  c_w.l(libshutdown2.o)
    0x080002f8   0x080002f8   0x00000000   Code   RO         2638    .ARM.Collect$$libshutdown$$0000000F  c_w.l(libshutdown2.o)
    0x080002f8   0x080002f8   0x00000002   Code   RO         2639    .ARM.Collect$$libshutdown$$00000010  c_w.l(libshutdown2.o)
    0x080002fa   0x080002fa   0x00000000   Code   RO         2175    .ARM.Collect$$rtentry$$00000000  c_w.l(__rtentry.o)
    0x080002fa   0x080002fa   0x00000000   Code   RO         2358    .ARM.Collect$$rtentry$$00000002  c_w.l(__rtentry2.o)
    0x080002fa   0x080002fa   0x00000006   Code   RO         2370    .ARM.Collect$$rtentry$$00000004  c_w.l(__rtentry4.o)
    0x08000300   0x08000300   0x00000000   Code   RO         2360    .ARM.Collect$$rtentry$$00000009  c_w.l(__rtentry2.o)
    0x08000300   0x08000300   0x00000004   Code   RO         2361    .ARM.Collect$$rtentry$$0000000A  c_w.l(__rtentry2.o)
    0x08000304   0x08000304   0x00000000   Code   RO         2363    .ARM.Collect$$rtentry$$0000000C  c_w.l(__rtentry2.o)
    0x08000304   0x08000304   0x00000008   Code   RO         2364    .ARM.Collect$$rtentry$$0000000D  c_w.l(__rtentry2.o)
    0x0800030c   0x0800030c   0x00000002   Code   RO         2644    .ARM.Collect$$rtexit$$00000000  c_w.l(rtexit.o)
    0x0800030e   0x0800030e   0x00000000   Code   RO         2716    .ARM.Collect$$rtexit$$00000002  c_w.l(rtexit2.o)
    0x0800030e   0x0800030e   0x00000004   Code   RO         2717    .ARM.Collect$$rtexit$$00000003  c_w.l(rtexit2.o)
    0x08000312   0x08000312   0x00000006   Code   RO         2718    .ARM.Collect$$rtexit$$00000004  c_w.l(rtexit2.o)
    0x08000318   0x08000318   0x00000040   Code   RO            4    .text               startup_stm32f407xx.o
    0x08000358   0x08000358   0x000000f0   Code   RO         2086    .text               c_w.l(lludivv7m.o)
    0x08000448   0x08000448   0x0000000a   Code   RO         2091    .text               c_w.l(cxa_atexit.o)
    0x08000452   0x08000452   0x0000004e   Code   RO         2098    .text               c_w.l(rt_memclr_w.o)
    0x080004a0   0x080004a0   0x00000006   Code   RO         2100    .text               c_w.l(heapauxi.o)
    0x080004a6   0x080004a6   0x00000002   PAD
    0x080004a8   0x080004a8   0x0000002c   Code   RO         2107    .text               c_w.l(init_aeabi.o)
    0x080004d4   0x080004d4   0x0000005e   Code   RO         2184    .text               c_w.l(h1_alloc.o)
    0x08000532   0x08000532   0x0000004e   Code   RO         2186    .text               c_w.l(h1_free.o)
    0x08000580   0x08000580   0x000000ae   Code   RO         2188    .text               c_w.l(h1_memalign.o)
    0x0800062e   0x0800062e   0x0000000a   Code   RO         2246    .text               c_w.l(vfprintf.o)
    0x08000638   0x08000638   0x00000016   Code   RO         2254    .text               c_w.l(abort.o)
    0x0800064e   0x0800064e   0x0000002e   Code   RO         2259    .text               c_w.l(aeabi_atexit.o)
    0x0800067c   0x0800067c   0x0000000c   Code   RO         2351    .text               c_w.l(sys_exit.o)
    0x08000688   0x08000688   0x00000008   Code   RO         2377    .text               c_w.l(rt_heap_descriptor_intlibspace.o)
    0x08000690   0x08000690   0x00000008   Code   RO         2382    .text               c_w.l(rt_ddtor_pointer_addr_intlibspace.o)
    0x08000698   0x08000698   0x00000004   Code   RO         2384    .text               c_w.l(hguard.o)
    0x0800069c   0x0800069c   0x0000008a   Code   RO         2386    .text               c_w.l(init_alloc.o)
    0x08000726   0x08000726   0x0000000c   Code   RO         2390    .text               c_w.l(h1_init.o)
    0x08000732   0x08000732   0x0000004e   Code   RO         2404    .text               c_w.l(_printf_pad.o)
    0x08000780   0x08000780   0x00000024   Code   RO         2406    .text               c_w.l(_printf_truncate.o)
    0x080007a4   0x080007a4   0x00000052   Code   RO         2408    .text               c_w.l(_printf_str.o)
    0x080007f6   0x080007f6   0x00000002   PAD
    0x080007f8   0x080007f8   0x00000078   Code   RO         2410    .text               c_w.l(_printf_dec.o)
    0x08000870   0x08000870   0x00000028   Code   RO         2412    .text               c_w.l(_printf_charcount.o)
    0x08000898   0x08000898   0x00000024   Code   RO         2414    .text               c_w.l(_printf_char_file.o)
    0x080008bc   0x080008bc   0x000000bc   Code   RO         2416    .text               c_w.l(_printf_wctomb.o)
    0x08000978   0x08000978   0x0000007c   Code   RO         2419    .text               c_w.l(_printf_longlong_dec.o)
    0x080009f4   0x080009f4   0x00000070   Code   RO         2425    .text               c_w.l(_printf_oct_int_ll.o)
    0x08000a64   0x08000a64   0x00000094   Code   RO         2445    .text               c_w.l(_printf_hex_int_ll_ptr.o)
    0x08000af8   0x08000af8   0x00000188   Code   RO         2465    .text               c_w.l(__printf_flags_ss_wp.o)
    0x08000c80   0x08000c80   0x00000138   Code   RO         2491    .text               c_w.l(initio.o)
    0x08000db8   0x08000db8   0x00000042   Code   RO         2495    .text               c_w.l(cxa_finalize.o)
    0x08000dfa   0x08000dfa   0x0000000e   Code   RO         2498    .text               c_w.l(defsig_abrt_outer.o)
    0x08000e08   0x08000e08   0x00000008   Code   RO         2534    .text               c_w.l(libspace.o)
    0x08000e10   0x08000e10   0x00000002   Code   RO         2537    .text               c_w.l(use_no_semi.o)
    0x08000e12   0x08000e12   0x00000000   Code   RO         2539    .text               c_w.l(indicate_semi.o)
    0x08000e12   0x08000e12   0x0000004a   Code   RO         2540    .text               c_w.l(sys_stackheap_outer.o)
    0x08000e5c   0x08000e5c   0x00000000   Code   RO         2546    .text               c_w.l(maybetermalloc1.o)
    0x08000e5c   0x08000e5c   0x00000034   Code   RO         2548    .text               c_w.l(h1_extend.o)
    0x08000e90   0x08000e90   0x0000008a   Code   RO         2552    .text               c_w.l(lludiv10.o)
    0x08000f1a   0x08000f1a   0x000000b2   Code   RO         2554    .text               c_w.l(_printf_intcommon.o)
    0x08000fcc   0x08000fcc   0x0000041c   Code   RO         2556    .text               c_w.l(_printf_fp_dec.o)
    0x080013e8   0x080013e8   0x000002fc   Code   RO         2560    .text               c_w.l(_printf_fp_hex.o)
    0x080016e4   0x080016e4   0x00000030   Code   RO         2563    .text               c_w.l(_printf_char_common.o)
    0x08001714   0x08001714   0x0000002c   Code   RO         2565    .text               c_w.l(_printf_char.o)
    0x08001740   0x08001740   0x0000002c   Code   RO         2567    .text               c_w.l(_printf_wchar.o)
    0x0800176c   0x0800176c   0x00000008   Code   RO         2570    .text               c_w.l(ferror.o)
    0x08001774   0x08001774   0x00000046   Code   RO         2576    .text               c_w.l(setvbuf.o)
    0x080017ba   0x080017ba   0x00000002   PAD
    0x080017bc   0x080017bc   0x000000f0   Code   RO         2579    .text               c_w.l(fopen.o)
    0x080018ac   0x080018ac   0x0000004c   Code   RO         2581    .text               c_w.l(fclose.o)
    0x080018f8   0x080018f8   0x00000048   Code   RO         2591    .text               c_w.l(_c16rtomb.o)
    0x08001940   0x08001940   0x00000012   Code   RO         2593    .text               c_w.l(exit.o)
    0x08001952   0x08001952   0x0000000a   Code   RO         2595    .text               c_w.l(defsig_exit.o)
    0x0800195c   0x0800195c   0x00000030   Code   RO         2597    .text               c_w.l(defsig_abrt_inner.o)
    0x0800198c   0x0800198c   0x0000000e   Code   RO         2603    .text               c_w.l(defsig_rtred_outer.o)
    0x0800199a   0x0800199a   0x0000000e   Code   RO         2607    .text               c_w.l(defsig_rtmem_outer.o)
    0x080019a8   0x080019a8   0x00000066   Code   RO         2640    .text               c_w.l(sys_io.o)
    0x08001a0e   0x08001a0e   0x00000002   PAD
    0x08001a10   0x08001a10   0x00000010   Code   RO         2646    .text               c_w.l(rt_ctype_table.o)
    0x08001a20   0x08001a20   0x00000008   Code   RO         2651    .text               c_w.l(rt_locale_intlibspace.o)
    0x08001a28   0x08001a28   0x00000080   Code   RO         2655    .text               c_w.l(_printf_fp_infnan.o)
    0x08001aa8   0x08001aa8   0x000000e4   Code   RO         2659    .text               c_w.l(bigflt0.o)
    0x08001b8c   0x08001b8c   0x000001e2   Code   RO         2686    .text               c_w.l(flsbuf.o)
    0x08001d6e   0x08001d6e   0x00000002   PAD
    0x08001d70   0x08001d70   0x000000f8   Code   RO         2688    .text               c_w.l(fseek.o)
    0x08001e68   0x08001e68   0x00000108   Code   RO         2690    .text               c_w.l(stdio.o)
    0x08001f70   0x08001f70   0x00000032   Code   RO         2697    .text               c_w.l(defsig_general.o)
    0x08001fa2   0x08001fa2   0x00000002   PAD
    0x08001fa4   0x08001fa4   0x00000034   Code   RO         2701    .text               c_w.l(defsig_rtred_inner.o)
    0x08001fd8   0x08001fd8   0x00000050   Code   RO         2703    .text               c_w.l(defsig_rtmem_inner.o)
    0x08002028   0x08002028   0x0000000e   Code   RO         2711    .text               c_w.l(sys_wrch.o)
    0x08002036   0x08002036   0x00000042   Code   RO         2730    .text               c_w.l(ftell.o)
    0x08002078   0x08002078   0x0000003e   Code   RO         2743    .text               c_w.l(strlen.o)
    0x080020b6   0x080020b6   0x00000002   PAD
    0x080020b8   0x080020b8   0x0000007c   Code   RO         2745    .text               c_w.l(strcmpv7em.o)
    0x08002134   0x08002134   0x00000008   Code   RO         2750    .text               c_w.l(rt_errno_addr_intlibspace.o)
    0x0800213c   0x0800213c   0x00000004   Code   RO          141    .text.BusFault_Handler  stm32f4xx_it.o
    0x08002140   0x08002140   0x00000010   Code   RO          151    .text.CAN1_RX0_IRQHandler  stm32f4xx_it.o
    0x08002150   0x08002150   0x00000010   Code   RO          149    .text.CAN1_TX_IRQHandler  stm32f4xx_it.o
    0x08002160   0x08002160   0x00000010   Code   RO          165    .text.CAN2_RX0_IRQHandler  stm32f4xx_it.o
    0x08002170   0x08002170   0x00000010   Code   RO          163    .text.CAN2_TX_IRQHandler  stm32f4xx_it.o
    0x08002180   0x08002180   0x00000114   Code   RO         1792    .text.CanInit       djimotor.o
    0x08002294   0x08002294   0x00000010   Code   RO           45    .text.Capacitor     freertos.o
    0x080022a4   0x080022a4   0x00000010   Code   RO           47    .text.Chassis_Comm  freertos.o
    0x080022b4   0x080022b4   0x00000010   Code   RO           41    .text.Chassis_Ctrl  freertos.o
    0x080022c4   0x080022c4   0x00000010   Code   RO           43    .text.Chassis_Monitor  freertos.o
    0x080022d4   0x080022d4   0x00000010   Code   RO          147    .text.DMA1_Stream1_IRQHandler  stm32f4xx_it.o
    0x080022e4   0x080022e4   0x00000010   Code   RO          161    .text.DMA2_Stream2_IRQHandler  stm32f4xx_it.o
    0x080022f4   0x080022f4   0x00000010   Code   RO          167    .text.DMA2_Stream6_IRQHandler  stm32f4xx_it.o
    0x08002304   0x08002304   0x00000010   Code   RO          169    .text.DMA2_Stream7_IRQHandler  stm32f4xx_it.o
    0x08002314   0x08002314   0x00000056   Code   RO          795    .text.DMA_CalcBaseAndBitshift  stm32f4xx_hal_dma.o
    0x0800236a   0x0800236a   0x00000002   PAD
    0x0800236c   0x0800236c   0x000000f0   Code   RO          793    .text.DMA_CheckFifoParam  stm32f4xx_hal_dma.o
    0x0800245c   0x0800245c   0x00000002   Code   RO          145    .text.DebugMon_Handler  stm32f4xx_it.o
    0x0800245e   0x0800245e   0x00000002   PAD
    0x08002460   0x08002460   0x00000006   Code   RO           15    .text.Error_Handler  main.o
    0x08002466   0x08002466   0x00000002   PAD
    0x08002468   0x08002468   0x00000052   Code   RO          572    .text.HAL_CAN_ActivateNotification  stm32f4xx_hal_can.o
    0x080024ba   0x080024ba   0x00000002   PAD
    0x080024bc   0x080024bc   0x00000156   Code   RO          558    .text.HAL_CAN_AddTxMessage  stm32f4xx_hal_can.o
    0x08002612   0x08002612   0x00000002   PAD
    0x08002614   0x08002614   0x0000019e   Code   RO          548    .text.HAL_CAN_ConfigFilter  stm32f4xx_hal_can.o
    0x080027b2   0x080027b2   0x00000002   PAD
    0x080027b4   0x080027b4   0x00000008   Code   RO          602    .text.HAL_CAN_ErrorCallback  stm32f4xx_hal_can.o
    0x080027bc   0x080027bc   0x00000212   Code   RO          568    .text.HAL_CAN_GetRxMessage  stm32f4xx_hal_can.o
    0x080029ce   0x080029ce   0x00000002   PAD
    0x080029d0   0x080029d0   0x000003f2   Code   RO          576    .text.HAL_CAN_IRQHandler  stm32f4xx_hal_can.o
    0x08002dc2   0x08002dc2   0x00000002   PAD
    0x08002dc4   0x08002dc4   0x000001de   Code   RO          538    .text.HAL_CAN_Init  stm32f4xx_hal_can.o
    0x08002fa2   0x08002fa2   0x00000002   PAD
    0x08002fa4   0x08002fa4   0x000001ac   Code   RO           73    .text.HAL_CAN_MspInit  can.o
    0x08003150   0x08003150   0x00000008   Code   RO          590    .text.HAL_CAN_RxFifo0FullCallback  stm32f4xx_hal_can.o
    0x08003158   0x08003158   0x0000003c   Code   RO         1995    .text.HAL_CAN_RxFifo0MsgPendingCallback  can_driver.o
    0x08003194   0x08003194   0x00000008   Code   RO          594    .text.HAL_CAN_RxFifo1FullCallback  stm32f4xx_hal_can.o
    0x0800319c   0x0800319c   0x00000008   Code   RO          596    .text.HAL_CAN_RxFifo1MsgPendingCallback  stm32f4xx_hal_can.o
    0x080031a4   0x080031a4   0x00000008   Code   RO          598    .text.HAL_CAN_SleepCallback  stm32f4xx_hal_can.o
    0x080031ac   0x080031ac   0x0000008a   Code   RO          550    .text.HAL_CAN_Start  stm32f4xx_hal_can.o
    0x08003236   0x08003236   0x00000002   PAD
    0x08003238   0x08003238   0x00000008   Code   RO          580    .text.HAL_CAN_TxMailbox0AbortCallback  stm32f4xx_hal_can.o
    0x08003240   0x08003240   0x00000008   Code   RO          578    .text.HAL_CAN_TxMailbox0CompleteCallback  stm32f4xx_hal_can.o
    0x08003248   0x08003248   0x00000008   Code   RO          584    .text.HAL_CAN_TxMailbox1AbortCallback  stm32f4xx_hal_can.o
    0x08003250   0x08003250   0x00000008   Code   RO          582    .text.HAL_CAN_TxMailbox1CompleteCallback  stm32f4xx_hal_can.o
    0x08003258   0x08003258   0x00000008   Code   RO          588    .text.HAL_CAN_TxMailbox2AbortCallback  stm32f4xx_hal_can.o
    0x08003260   0x08003260   0x00000008   Code   RO          586    .text.HAL_CAN_TxMailbox2CompleteCallback  stm32f4xx_hal_can.o
    0x08003268   0x08003268   0x00000008   Code   RO          600    .text.HAL_CAN_WakeUpFromRxMsgCallback  stm32f4xx_hal_can.o
    0x08003270   0x08003270   0x000000ec   Code   RO          805    .text.HAL_DMA_Abort  stm32f4xx_hal_dma.o
    0x0800335c   0x0800335c   0x00000044   Code   RO          807    .text.HAL_DMA_Abort_IT  stm32f4xx_hal_dma.o
    0x080033a0   0x080033a0   0x0000031e   Code   RO          811    .text.HAL_DMA_IRQHandler  stm32f4xx_hal_dma.o
    0x080036be   0x080036be   0x00000002   PAD
    0x080036c0   0x080036c0   0x0000016e   Code   RO          791    .text.HAL_DMA_Init  stm32f4xx_hal_dma.o
    0x0800382e   0x0800382e   0x00000002   PAD
    0x08003830   0x08003830   0x000003b6   Code   RO          753    .text.HAL_GPIO_Init  stm32f4xx_hal_gpio.o
    0x08003be6   0x08003be6   0x00000002   PAD
    0x08003be8   0x08003be8   0x0000000c   Code   RO          978    .text.HAL_GetTick   stm32f4xx_hal.o
    0x08003bf4   0x08003bf4   0x0000001a   Code   RO          976    .text.HAL_IncTick   stm32f4xx_hal.o
    0x08003c0e   0x08003c0e   0x00000002   PAD
    0x08003c10   0x08003c10   0x00000036   Code   RO          966    .text.HAL_Init      stm32f4xx_hal.o
    0x08003c46   0x08003c46   0x00000002   PAD
    0x08003c48   0x08003c48   0x000000da   Code   RO          188    .text.HAL_InitTick  stm32f4xx_hal_timebase_tim.o
    0x08003d22   0x08003d22   0x00000002   PAD
    0x08003d24   0x08003d24   0x00000058   Code   RO          180    .text.HAL_MspInit   stm32f4xx_hal_msp.o
    0x08003d7c   0x08003d7c   0x00000014   Code   RO          901    .text.HAL_NVIC_EnableIRQ  stm32f4xx_hal_cortex.o
    0x08003d90   0x08003d90   0x00000032   Code   RO          893    .text.HAL_NVIC_SetPriority  stm32f4xx_hal_cortex.o
    0x08003dc2   0x08003dc2   0x00000002   PAD
    0x08003dc4   0x08003dc4   0x00000010   Code   RO          889    .text.HAL_NVIC_SetPriorityGrouping  stm32f4xx_hal_cortex.o
    0x08003dd4   0x08003dd4   0x00000262   Code   RO          621    .text.HAL_RCC_ClockConfig  stm32f4xx_hal_rcc.o
    0x08004036   0x08004036   0x00000002   PAD
    0x08004038   0x08004038   0x00000054   Code   RO          639    .text.HAL_RCC_GetClockConfig  stm32f4xx_hal_rcc.o
    0x0800408c   0x0800408c   0x0000000c   Code   RO          631    .text.HAL_RCC_GetHCLKFreq  stm32f4xx_hal_rcc.o
    0x08004098   0x08004098   0x00000022   Code   RO          633    .text.HAL_RCC_GetPCLK1Freq  stm32f4xx_hal_rcc.o
    0x080040ba   0x080040ba   0x00000002   PAD
    0x080040bc   0x080040bc   0x00000022   Code   RO          635    .text.HAL_RCC_GetPCLK2Freq  stm32f4xx_hal_rcc.o
    0x080040de   0x080040de   0x00000002   PAD
    0x080040e0   0x080040e0   0x000000e6   Code   RO          623    .text.HAL_RCC_GetSysClockFreq  stm32f4xx_hal_rcc.o
    0x080041c6   0x080041c6   0x00000002   PAD
    0x080041c8   0x080041c8   0x000006be   Code   RO          619    .text.HAL_RCC_OscConfig  stm32f4xx_hal_rcc.o
    0x08004886   0x08004886   0x00000002   PAD
    0x08004888   0x08004888   0x00000008   Code   RO          525    .text.HAL_TIMEx_BreakCallback  stm32f4xx_hal_tim_ex.o
    0x08004890   0x08004890   0x00000008   Code   RO          521    .text.HAL_TIMEx_CommutCallback  stm32f4xx_hal_tim_ex.o
    0x08004898   0x08004898   0x00000122   Code   RO          515    .text.HAL_TIMEx_MasterConfigSynchronization  stm32f4xx_hal_tim_ex.o
    0x080049ba   0x080049ba   0x00000002   PAD
    0x080049bc   0x080049bc   0x0000009c   Code   RO          202    .text.HAL_TIM_Base_Init  stm32f4xx_hal_tim.o
    0x08004a58   0x08004a58   0x00000008   Code   RO          204    .text.HAL_TIM_Base_MspInit  stm32f4xx_hal_tim.o
    0x08004a60   0x08004a60   0x000000f6   Code   RO          216    .text.HAL_TIM_Base_Start_IT  stm32f4xx_hal_tim.o
    0x08004b56   0x08004b56   0x00000002   PAD
    0x08004b58   0x08004b58   0x00000008   Code   RO          338    .text.HAL_TIM_IC_CaptureCallback  stm32f4xx_hal_tim.o
    0x08004b60   0x08004b60   0x0000021a   Code   RO          336    .text.HAL_TIM_IRQHandler  stm32f4xx_hal_tim.o
    0x08004d7a   0x08004d7a   0x00000002   PAD
    0x08004d7c   0x08004d7c   0x0000006c   Code   RO           97    .text.HAL_TIM_MspPostInit  tim.o
    0x08004de8   0x08004de8   0x00000008   Code   RO          340    .text.HAL_TIM_OC_DelayElapsedCallback  stm32f4xx_hal_tim.o
    0x08004df0   0x08004df0   0x00000142   Code   RO          368    .text.HAL_TIM_PWM_ConfigChannel  stm32f4xx_hal_tim.o
    0x08004f32   0x08004f32   0x00000002   PAD
    0x08004f34   0x08004f34   0x0000009c   Code   RO          256    .text.HAL_TIM_PWM_Init  stm32f4xx_hal_tim.o
    0x08004fd0   0x08004fd0   0x00000052   Code   RO           99    .text.HAL_TIM_PWM_MspInit  tim.o
    0x08005022   0x08005022   0x00000002   PAD
    0x08005024   0x08005024   0x00000008   Code   RO          342    .text.HAL_TIM_PWM_PulseFinishedCallback  stm32f4xx_hal_tim.o
    0x0800502c   0x0800502c   0x00000020   Code   RO           17    .text.HAL_TIM_PeriodElapsedCallback  main.o
    0x0800504c   0x0800504c   0x00000008   Code   RO          346    .text.HAL_TIM_TriggerCallback  stm32f4xx_hal_tim.o
    0x08005054   0x08005054   0x000000c2   Code   RO         1107    .text.HAL_UARTEx_ReceiveToIdle_IT  stm32f4xx_hal_uart.o
    0x08005116   0x08005116   0x00000002   PAD
    0x08005118   0x08005118   0x00000048   Code   RO         2067    .text.HAL_UARTEx_RxEventCallback  uart_driver.o
    0x08005160   0x08005160   0x0000007e   Code   RO         2069    .text.HAL_UART_ErrorCallback  uart_driver.o
    0x080051de   0x080051de   0x00000002   PAD
    0x080051e0   0x080051e0   0x0000000c   Code   RO         1173    .text.HAL_UART_GetError  stm32f4xx_hal_uart.o
    0x080051ec   0x080051ec   0x0000045c   Code   RO         1139    .text.HAL_UART_IRQHandler  stm32f4xx_hal_uart.o
    0x08005648   0x08005648   0x0000009e   Code   RO         1055    .text.HAL_UART_Init  stm32f4xx_hal_uart.o
    0x080056e6   0x080056e6   0x00000002   PAD
    0x080056e8   0x080056e8   0x00000368   Code   RO          117    .text.HAL_UART_MspInit  usart.o
    0x08005a50   0x08005a50   0x00000008   Code   RO         1157    .text.HAL_UART_RxCpltCallback  stm32f4xx_hal_uart.o
    0x08005a58   0x08005a58   0x00000008   Code   RO         1153    .text.HAL_UART_TxCpltCallback  stm32f4xx_hal_uart.o
    0x08005a60   0x08005a60   0x00000004   Code   RO          137    .text.HardFault_Handler  stm32f4xx_it.o
    0x08005a64   0x08005a64   0x0000004e   Code   RO           69    .text.MX_CAN1_Init  can.o
    0x08005ab2   0x08005ab2   0x00000002   PAD
    0x08005ab4   0x08005ab4   0x0000004e   Code   RO           71    .text.MX_CAN2_Init  can.o
    0x08005b02   0x08005b02   0x00000002   PAD
    0x08005b04   0x08005b04   0x00000098   Code   RO           87    .text.MX_DMA_Init   dma.o
    0x08005b9c   0x08005b9c   0x00000140   Code   RO           37    .text.MX_FREERTOS_Init  freertos.o
    0x08005cdc   0x08005cdc   0x000000d2   Code   RO           27    .text.MX_GPIO_Init  gpio.o
    0x08005dae   0x08005dae   0x00000002   PAD
    0x08005db0   0x08005db0   0x0000009c   Code   RO           95    .text.MX_TIM4_Init  tim.o
    0x08005e4c   0x08005e4c   0x00000040   Code   RO          111    .text.MX_USART1_UART_Init  usart.o
    0x08005e8c   0x08005e8c   0x0000004c   Code   RO          113    .text.MX_USART3_UART_Init  usart.o
    0x08005ed8   0x08005ed8   0x00000040   Code   RO          115    .text.MX_USART6_UART_Init  usart.o
    0x08005f18   0x08005f18   0x00000004   Code   RO          139    .text.MemManage_Handler  stm32f4xx_it.o
    0x08005f1c   0x08005f1c   0x00000004   Code   RO          135    .text.NMI_Handler   stm32f4xx_it.o
    0x08005f20   0x08005f20   0x0000006c   Code   RO          899    .text.NVIC_EncodePriority  stm32f4xx_hal_cortex.o
    0x08005f8c   0x08005f8c   0x00000004   PAD
    0x08005f90   0x08005f90   0x00000064   Code   RO         1671    .text.PendSV_Handler  port.o
    0x08005ff4   0x08005ff4   0x0000001a   Code   RO         2071    .text.RxEventCallback  uart_driver.o
    0x0800600e   0x0800600e   0x00000002   PAD
    0x08006010   0x08006010   0x00000024   Code   RO         1655    .text.SVC_Handler   port.o
    0x08006034   0x08006034   0x00000010   Code   RO           39    .text.StartDefaultTask  freertos.o
    0x08006044   0x08006044   0x0000003c   Code   RO         1673    .text.SysTick_Handler  port.o
    0x08006080   0x08006080   0x000000ba   Code   RO           13    .text.SystemClock_Config  main.o
    0x0800613a   0x0800613a   0x00000002   PAD
    0x0800613c   0x0800613c   0x00000012   Code   RO         1186    .text.SystemInit    system_stm32f4xx.o
    0x0800614e   0x0800614e   0x00000002   PAD
    0x08006150   0x08006150   0x00000010   Code   RO          153    .text.TIM1_UP_TIM10_IRQHandler  stm32f4xx_it.o
    0x08006160   0x08006160   0x00000010   Code   RO          155    .text.TIM4_IRQHandler  stm32f4xx_it.o
    0x08006170   0x08006170   0x000001a4   Code   RO          206    .text.TIM_Base_SetConfig  stm32f4xx_hal_tim.o
    0x08006314   0x08006314   0x000000ea   Code   RO          350    .text.TIM_OC1_SetConfig  stm32f4xx_hal_tim.o
    0x080063fe   0x080063fe   0x00000002   PAD
    0x08006400   0x08006400   0x000000f4   Code   RO          352    .text.TIM_OC2_SetConfig  stm32f4xx_hal_tim.o
    0x080064f4   0x080064f4   0x000000f2   Code   RO          354    .text.TIM_OC3_SetConfig  stm32f4xx_hal_tim.o
    0x080065e6   0x080065e6   0x00000002   PAD
    0x080065e8   0x080065e8   0x000000a4   Code   RO          356    .text.TIM_OC4_SetConfig  stm32f4xx_hal_tim.o
    0x0800668c   0x0800668c   0x0000001c   Code   RO         1143    .text.UART_DMAAbortOnError  stm32f4xx_hal_uart.o
    0x080066a8   0x080066a8   0x00000094   Code   RO         1103    .text.UART_EndRxTransfer  stm32f4xx_hal_uart.o
    0x0800673c   0x0800673c   0x00000026   Code   RO         1151    .text.UART_EndTransmit_IT  stm32f4xx_hal_uart.o
    0x08006762   0x08006762   0x00000002   PAD
    0x08006764   0x08006764   0x00000168   Code   RO         1141    .text.UART_Receive_IT  stm32f4xx_hal_uart.o
    0x080068cc   0x080068cc   0x0000013a   Code   RO         1059    .text.UART_SetConfig  stm32f4xx_hal_uart.o
    0x08006a06   0x08006a06   0x00000002   PAD
    0x08006a08   0x08006a08   0x00000062   Code   RO         1081    .text.UART_Start_Receive_IT  stm32f4xx_hal_uart.o
    0x08006a6a   0x08006a6a   0x00000002   PAD
    0x08006a6c   0x08006a6c   0x00000094   Code   RO         1149    .text.UART_Transmit_IT  stm32f4xx_hal_uart.o
    0x08006b00   0x08006b00   0x00000010   Code   RO          157    .text.USART1_IRQHandler  stm32f4xx_it.o
    0x08006b10   0x08006b10   0x00000010   Code   RO          159    .text.USART3_IRQHandler  stm32f4xx_it.o
    0x08006b20   0x08006b20   0x00000010   Code   RO          171    .text.USART6_IRQHandler  stm32f4xx_it.o
    0x08006b30   0x08006b30   0x00000004   Code   RO          143    .text.UsageFault_Handler  stm32f4xx_it.o
    0x08006b34   0x08006b34   0x00000008   Code   RO         1970    .text._GLOBAL__sub_I_Dr16.cpp  dr16.o
    0x08006b3c   0x08006b3c   0x00000014   Code   RO         1794    .text._GLOBAL__sub_I_djimotor.cpp  djimotor.o
    0x08006b50   0x08006b50   0x000000a0   Code   RO         1788    .text._Z13RmMotorRxDataRKN9CanDriver8CanFrameE  djimotor.o
    0x08006bf0   0x08006bf0   0x00000022   Code   RO         1997    .text._Z20CAN1_RxFifo0Callbackv  can_driver.o
    0x08006c12   0x08006c12   0x00000002   PAD
    0x08006c14   0x08006c14   0x00000022   Code   RO         1999    .text._Z20CAN2_RxFifo0Callbackv  can_driver.o
    0x08006c36   0x08006c36   0x00000002   PAD
    0x08006c38   0x08006c38   0x00000026   Code   RO         2119    .text._ZL17operator_new_implj  libcpp_w.l(new.cpp.o)
    0x08006c5e   0x08006c5e   0x00000002   PAD
    0x08006c60   0x08006c60   0x0000004a   Code   RO         2137    .text._ZL25operator_new_aligned_impljSt11align_val_t  libcpp_w.l(new.cpp.o)
    0x08006caa   0x08006caa   0x00000002   PAD
    0x08006cac   0x08006cac   0x00000016   Code   RO         1816    .text._ZN5State10monitoring7getTimeEv  djimotor.o
    0x08006cc2   0x08006cc2   0x00000002   PAD
    0x08006cc4   0x08006cc4   0x0000001a   Code   RO         1838    .text._ZN5motor15AngleCalculatorC2Ef  djimotor.o
    0x08006cde   0x08006cde   0x00000002   PAD
    0x08006ce0   0x08006ce0   0x00000010   Code   RO         1834    .text._ZN5motor18DJIMotorControllerC2ERN9CanDriver6CanHalE  djimotor.o
    0x08006cf0   0x08006cf0   0x000000f8   Code   RO         1786    .text._ZN5motor8DJImotor10DataUpdateEPKhf  djimotor.o
    0x08006de8   0x08006de8   0x0000003c   Code   RO         1812    .text._ZN5motor8DJImotorC2Ej  djimotor.o
    0x08006e24   0x08006e24   0x00000016   Code   RO         1814    .text._ZN5motor8DJImotorD2Ev  djimotor.o
    0x08006e3a   0x08006e3a   0x00000002   PAD
    0x08006e3c   0x08006e3c   0x00000102   Code   RO         1968    .text._ZN7Clicker4DR1614DR16DataUpdataEPKh  dr16.o
    0x08006f3e   0x08006f3e   0x00000002   PAD
    0x08006f40   0x08006f40   0x0000003e   Code   RO         1981    .text._ZN7Clicker4DR16C2Ev  dr16.o
    0x08006f7e   0x08006f7e   0x00000002   PAD
    0x08006f80   0x08006f80   0x0000005a   Code   RO         2030    .text._ZN9CanDriver11STM32CANHal4SendERKNS_8CanFrameE  can_driver.o
    0x08006fda   0x08006fda   0x00000002   PAD
    0x08006fdc   0x08006fdc   0x00000020   Code   RO         2012    .text._ZN9CanDriver11STM32CANHalC2Ev  can_driver.o
    0x08006ffc   0x08006ffc   0x00000018   Code   RO         2028    .text._ZN9CanDriver11STM32CANHalD0Ev  can_driver.o
    0x08007014   0x08007014   0x00000014   Code   RO         2026    .text._ZN9CanDriver11STM32CANHalD2Ev  can_driver.o
    0x08007028   0x08007028   0x0000019c   Code   RO         1991    .text._ZN9CanDriver12CreateCANHalEj  can_driver.o
    0x080071c4   0x080071c4   0x0000007e   Code   RO         2001    .text._ZN9CanDriver6CanHal10IrqRxFifo0Ev  can_driver.o
    0x08007242   0x08007242   0x00000002   PAD
    0x08007244   0x08007244   0x00000014   Code   RO         1826    .text._ZN9CanDriver6CanHal13SetRxCallbackENSt3__28functionIFvRKNS_8CanFrameEEEE  djimotor.o
    0x08007258   0x08007258   0x000000aa   Code   RO         1993    .text._ZN9CanDriver6CanHal15ConfigureFilterEv  can_driver.o
    0x08007302   0x08007302   0x00000002   PAD
    0x08007304   0x08007304   0x00000022   Code   RO         2024    .text._ZN9CanDriver6CanHalC2Ev  can_driver.o
    0x08007326   0x08007326   0x00000002   PAD
    0x08007328   0x08007328   0x00000006   Code   RO         2036    .text._ZN9CanDriver6CanHalD0Ev  can_driver.o
    0x0800732e   0x0800732e   0x00000002   PAD
    0x08007330   0x08007330   0x00000022   Code   RO         2034    .text._ZN9CanDriver6CanHalD2Ev  can_driver.o
    0x08007352   0x08007352   0x00000002   PAD
    0x08007354   0x08007354   0x00000036   Code   RO         1818    .text._ZN9CanDriver8CanFrameC2Ev  djimotor.o
    0x0800738a   0x0800738a   0x00000002   PAD
    0x0800738c   0x0800738c   0x00000014   Code   RO         2052    .text._ZNKSt3__210__function13__policy_funcIFvRKN9CanDriver8CanFrameEEEclB8nn190000ES5_  can_driver.o
    0x080073a0   0x080073a0   0x00000012   Code   RO         2050    .text._ZNKSt3__210__function13__policy_funcIFvRKN9CanDriver8CanFrameEEEcvbB8nn190000Ev  can_driver.o
    0x080073b2   0x080073b2   0x00000002   PAD
    0x080073b4   0x080073b4   0x00000012   Code   RO         2016    .text._ZNKSt3__210unique_ptrIN9CanDriver6CanHalENS_14default_deleteIS2_EEE3getB8nn190000Ev  can_driver.o
    0x080073c6   0x080073c6   0x00000002   PAD
    0x080073c8   0x080073c8   0x00000018   Code   RO         1822    .text._ZNKSt3__210unique_ptrIN9CanDriver6CanHalENS_14default_deleteIS2_EEEcvbB8nn190000Ev  djimotor.o
    0x080073e0   0x080073e0   0x00000012   Code   RO         1832    .text._ZNKSt3__210unique_ptrIN9CanDriver6CanHalENS_14default_deleteIS2_EEEdeB8nn190000Ev  djimotor.o
    0x080073f2   0x080073f2   0x00000002   PAD
    0x080073f4   0x080073f4   0x00000012   Code   RO         1824    .text._ZNKSt3__210unique_ptrIN9CanDriver6CanHalENS_14default_deleteIS2_EEEptB8nn190000Ev  djimotor.o
    0x08007406   0x08007406   0x00000002   PAD
    0x08007408   0x08007408   0x0000001e   Code   RO         1916    .text._ZNKSt3__214default_deleteIN9CanDriver6CanHalEEclB8nn190000EPS2_  djimotor.o
    0x08007426   0x08007426   0x00000002   PAD
    0x08007428   0x08007428   0x00000010   Code   RO         1890    .text._ZNKSt3__217__compressed_pairIPN5motor15AngleCalculatorENS_9allocatorIS2_EEE5firstB8nn190000Ev  djimotor.o
    0x08007438   0x08007438   0x00000010   Code   RO         1922    .text._ZNKSt3__217__compressed_pairIPN9CanDriver6CanHalENS_14default_deleteIS2_EEE5firstB8nn190000Ev  djimotor.o
    0x08007448   0x08007448   0x0000000a   Code   RO         1892    .text._ZNKSt3__222__compressed_pair_elemIPN5motor15AngleCalculatorELi0ELb0EE5__getB8nn190000Ev  djimotor.o
    0x08007452   0x08007452   0x00000002   PAD
    0x08007454   0x08007454   0x0000000a   Code   RO         1924    .text._ZNKSt3__222__compressed_pair_elemIPN9CanDriver6CanHalELi0ELb0EE5__getB8nn190000Ev  djimotor.o
    0x0800745e   0x0800745e   0x00000002   PAD
    0x08007460   0x08007460   0x00000008   Code   RO         1860    .text._ZNKSt3__26vectorIN5motor15AngleCalculatorENS_9allocatorIS2_EEE17__annotate_deleteB8nn190000Ev  djimotor.o
    0x08007468   0x08007468   0x0000001c   Code   RO         1866    .text._ZNKSt3__26vectorIN5motor15AngleCalculatorENS_9allocatorIS2_EEE8capacityB8nn190000Ev  djimotor.o
    0x08007484   0x08007484   0x00000012   Code   RO         1888    .text._ZNKSt3__26vectorIN5motor15AngleCalculatorENS_9allocatorIS2_EEE9__end_capB8nn190000Ev  djimotor.o
    0x08007496   0x08007496   0x00000002   PAD
    0x08007498   0x08007498   0x00000014   Code   RO         2022    .text._ZNKSt3__28functionIFvRKN9CanDriver8CanFrameEEEclES4_  can_driver.o
    0x080074ac   0x080074ac   0x00000010   Code   RO         2020    .text._ZNKSt3__28functionIFvRKN9CanDriver8CanFrameEEEcvbB8nn190000Ev  can_driver.o
    0x080074bc   0x080074bc   0x00000010   Code   RO         1932    .text._ZNSt3__210__function10__not_nullB8nn190000IFvRKN9CanDriver8CanFrameEEEEbPT_  djimotor.o
    0x080074cc   0x080074cc   0x0000002e   Code   RO         1902    .text._ZNSt3__210__function13__policy_funcIFvRKN9CanDriver8CanFrameEEE4swapB8nn190000ERS7_  djimotor.o
    0x080074fa   0x080074fa   0x00000002   PAD
    0x080074fc   0x080074fc   0x00000044   Code   RO         1900    .text._ZNSt3__210__function13__policy_funcIFvRKN9CanDriver8CanFrameEEEC2B8nn190000ERKS7_  djimotor.o
    0x08007540   0x08007540   0x0000001e   Code   RO         2038    .text._ZNSt3__210__function13__policy_funcIFvRKN9CanDriver8CanFrameEEEC2B8nn190000Ev  can_driver.o
    0x0800755e   0x0800755e   0x00000002   PAD
    0x08007560   0x08007560   0x0000004c   Code   RO         1926    .text._ZNSt3__210__function13__policy_funcIFvRKN9CanDriver8CanFrameEEEC2B8nn190000IPS6_TnNS_9enable_ifIXntsr7is_sameIu7__decayIT_ES7_EE5valueEiE4typeELi0EEEOSB_  djimotor.o
    0x080075ac   0x080075ac   0x00000026   Code   RO         1956    .text._ZNSt3__210__function13__policy_funcIFvRKN9CanDriver8CanFrameEEED2B8nn190000Ev  djimotor.o
    0x080075d2   0x080075d2   0x00000002   PAD
    0x080075d4   0x080075d4   0x00000018   Code   RO         1944    .text._ZNSt3__210__function16__policy_invokerIFvRKN9CanDriver8CanFrameEEE11__call_implB8nn190000INS0_20__default_alloc_funcIPS6_S6_EEEEvPKNS0_16__policy_storageES5_  djimotor.o
    0x080075ec   0x080075ec   0x0000000a   Code   RO         1940    .text._ZNSt3__210__function16__policy_invokerIFvRKN9CanDriver8CanFrameEEE12__call_emptyB8nn190000EPKNS0_16__policy_storageES5_  djimotor.o
    0x080075f6   0x080075f6   0x00000002   PAD
    0x080075f8   0x080075f8   0x00000018   Code   RO         1934    .text._ZNSt3__210__function16__policy_invokerIFvRKN9CanDriver8CanFrameEEE8__createB8nn190000INS0_20__default_alloc_funcIPS6_S6_EEEES7_v  djimotor.o
    0x08007610   0x08007610   0x00000010   Code   RO         1946    .text._ZNSt3__210__function16__policy_invokerIFvRKN9CanDriver8CanFrameEEEC2B8nn190000EPFvPKNS0_16__policy_storageES5_E  djimotor.o
    0x08007620   0x08007620   0x00000014   Code   RO         1928    .text._ZNSt3__210__function16__policy_invokerIFvRKN9CanDriver8CanFrameEEEC2B8nn190000Ev  djimotor.o
    0x08007634   0x08007634   0x00000012   Code   RO         1938    .text._ZNSt3__210__function20__default_alloc_funcIPFvRKN9CanDriver8CanFrameEES6_EC2B8nn190000EOS7_  djimotor.o
    0x08007646   0x08007646   0x00000002   PAD
    0x08007648   0x08007648   0x00000014   Code   RO         1948    .text._ZNSt3__210__function20__default_alloc_funcIPFvRKN9CanDriver8CanFrameEES6_EclB8nn190000ES5_  djimotor.o
    0x0800765c   0x0800765c   0x0000000a   Code   RO         1930    .text._ZNSt3__210__function8__policy14__create_emptyB8nn190000Ev  djimotor.o
    0x08007666   0x08007666   0x00000002   PAD
    0x08007668   0x08007668   0x0000000e   Code   RO         1954    .text._ZNSt3__210__function8__policy15__choose_policyB8nn190000INS0_20__default_alloc_funcIPFvRKN9CanDriver8CanFrameEES8_EEEEPKS1_NS_17integral_constantIbLb1EEE  djimotor.o
    0x08007676   0x08007676   0x00000002   PAD
    0x08007678   0x08007678   0x0000000c   Code   RO         1936    .text._ZNSt3__210__function8__policy8__createB8nn190000INS0_20__default_alloc_funcIPFvRKN9CanDriver8CanFrameEES8_EEEEPKS1_v  djimotor.o
    0x08007684   0x08007684   0x0000003e   Code   RO         1910    .text._ZNSt3__210unique_ptrIN9CanDriver6CanHalENS_14default_deleteIS2_EEE5resetB8nn190000EPS2_  djimotor.o
    0x080076c2   0x080076c2   0x00000002   PAD
    0x080076c4   0x080076c4   0x0000001e   Code   RO         2018    .text._ZNSt3__210unique_ptrIN9CanDriver6CanHalENS_14default_deleteIS2_EEEC2B8nn190000ILb1EvEEDn  can_driver.o
    0x080076e2   0x080076e2   0x00000002   PAD
    0x080076e4   0x080076e4   0x0000001c   Code   RO         2014    .text._ZNSt3__210unique_ptrIN9CanDriver6CanHalENS_14default_deleteIS2_EEEC2B8nn190000ILb1EvEEPS2_  can_driver.o
    0x08007700   0x08007700   0x00000016   Code   RO         1836    .text._ZNSt3__210unique_ptrIN9CanDriver6CanHalENS_14default_deleteIS2_EEED2B8nn190000Ev  djimotor.o
    0x08007716   0x08007716   0x00000002   PAD
    0x08007718   0x08007718   0x0000000a   Code   RO         1872    .text._ZNSt3__212__to_addressB8nn190000IN5motor15AngleCalculatorEEEPT_S4_  djimotor.o
    0x08007722   0x08007722   0x00000002   PAD
    0x08007724   0x08007724   0x0000000a   Code   RO         1850    .text._ZNSt3__216__non_trivial_ifILb1ENS_9allocatorIN5motor15AngleCalculatorEEEEC2B8nn190000Ev  djimotor.o
    0x0800772e   0x0800772e   0x00000002   PAD
    0x08007730   0x08007730   0x00000018   Code   RO         1862    .text._ZNSt3__216allocator_traitsINS_9allocatorIN5motor15AngleCalculatorEEEE10deallocateB8nn190000ERS4_PS3_j  djimotor.o
    0x08007748   0x08007748   0x00000014   Code   RO         1870    .text._ZNSt3__216allocator_traitsINS_9allocatorIN5motor15AngleCalculatorEEEE7destroyB8nn190000IS3_vEEvRS4_PT_  djimotor.o
    0x0800775c   0x0800775c   0x00000010   Code   RO         1884    .text._ZNSt3__217__compressed_pairIPN5motor15AngleCalculatorENS_9allocatorIS2_EEE6secondB8nn190000Ev  djimotor.o
    0x0800776c   0x0800776c   0x00000020   Code   RO         1842    .text._ZNSt3__217__compressed_pairIPN5motor15AngleCalculatorENS_9allocatorIS2_EEEC2B8nn190000IDnNS_18__default_init_tagEEEOT_OT0_  djimotor.o
    0x0800778c   0x0800778c   0x00000010   Code   RO         1912    .text._ZNSt3__217__compressed_pairIPN9CanDriver6CanHalENS_14default_deleteIS2_EEE5firstB8nn190000Ev  djimotor.o
    0x0800779c   0x0800779c   0x00000010   Code   RO         1914    .text._ZNSt3__217__compressed_pairIPN9CanDriver6CanHalENS_14default_deleteIS2_EEE6secondB8nn190000Ev  djimotor.o
    0x080077ac   0x080077ac   0x0000001e   Code   RO         2040    .text._ZNSt3__217__compressed_pairIPN9CanDriver6CanHalENS_14default_deleteIS2_EEEC2B8nn190000INS_16__value_init_tagES8_EEOT_OT0_  can_driver.o
    0x080077ca   0x080077ca   0x00000002   PAD
    0x080077cc   0x080077cc   0x00000020   Code   RO         2046    .text._ZNSt3__217__compressed_pairIPN9CanDriver6CanHalENS_14default_deleteIS2_EEEC2B8nn190000IRS3_NS_16__value_init_tagEEEOT_OT0_  can_driver.o
    0x080077ec   0x080077ec   0x00000016   Code   RO         1878    .text._ZNSt3__219__libcpp_deallocateB8nn190000EPvjj  djimotor.o
    0x08007802   0x08007802   0x00000002   PAD
    0x08007804   0x08007804   0x0000000a   Code   RO         1920    .text._ZNSt3__222__compressed_pair_elemINS_14default_deleteIN9CanDriver6CanHalEEELi1ELb1EE5__getB8nn190000Ev  djimotor.o
    0x0800780e   0x0800780e   0x00000002   PAD
    0x08007810   0x08007810   0x0000000a   Code   RO         2044    .text._ZNSt3__222__compressed_pair_elemINS_14default_deleteIN9CanDriver6CanHalEEELi1ELb1EEC2B8nn190000ENS_16__value_init_tagE  can_driver.o
    0x0800781a   0x0800781a   0x00000002   PAD
    0x0800781c   0x0800781c   0x0000000a   Code   RO         1886    .text._ZNSt3__222__compressed_pair_elemINS_9allocatorIN5motor15AngleCalculatorEEELi1ELb1EE5__getB8nn190000Ev  djimotor.o
    0x08007826   0x08007826   0x00000002   PAD
    0x08007828   0x08007828   0x00000014   Code   RO         1846    .text._ZNSt3__222__compressed_pair_elemINS_9allocatorIN5motor15AngleCalculatorEEELi1ELb1EEC2B8nn190000ENS_18__default_init_tagE  djimotor.o
    0x0800783c   0x0800783c   0x00000010   Code   RO         1844    .text._ZNSt3__222__compressed_pair_elemIPN5motor15AngleCalculatorELi0ELb0EEC2B8nn190000IDnvEEOT_  djimotor.o
    0x0800784c   0x0800784c   0x0000000a   Code   RO         1918    .text._ZNSt3__222__compressed_pair_elemIPN9CanDriver6CanHalELi0ELb0EE5__getB8nn190000Ev  djimotor.o
    0x08007856   0x08007856   0x00000002   PAD
    0x08007858   0x08007858   0x0000000e   Code   RO         2042    .text._ZNSt3__222__compressed_pair_elemIPN9CanDriver6CanHalELi0ELb0EEC2B8nn190000ENS_16__value_init_tagE  can_driver.o
    0x08007866   0x08007866   0x00000002   PAD
    0x08007868   0x08007868   0x00000012   Code   RO         2048    .text._ZNSt3__222__compressed_pair_elemIPN9CanDriver6CanHalELi0ELb0EEC2B8nn190000IRS3_vEEOT_  can_driver.o
    0x0800787a   0x0800787a   0x0000001e   Code   RO         2157    .text._ZNSt3__222__libcpp_verbose_abortEPKcz  libcpp_w.l(verbose_abort.cpp.o)
    0x08007898   0x08007898   0x00000010   Code   RO         1882    .text._ZNSt3__224__libcpp_operator_deleteB8nn190000IJPvEEEvDpT_  djimotor.o
    0x080078a8   0x080078a8   0x0000000c   Code   RO         1942    .text._ZNSt3__225__throw_bad_function_callB8nn190000Ev  djimotor.o
    0x080078b4   0x080078b4   0x00000012   Code   RO         1880    .text._ZNSt3__227__do_deallocate_handle_sizeB8nn190000IJEEEvPvjDpT_  djimotor.o
    0x080078c6   0x080078c6   0x00000002   PAD
    0x080078c8   0x080078c8   0x00000014   Code   RO         1950    .text._ZNSt3__228__invoke_void_return_wrapperIvLb1EE6__callB8nn190000IJRPFvRKN9CanDriver8CanFrameEES6_EEEvDpOT_  djimotor.o
    0x080078dc   0x080078dc   0x0000001e   Code   RO         1904    .text._ZNSt3__24swapB8nn190000INS_10__function16__policy_invokerIFvRKN9CanDriver8CanFrameEEEEEENS_9enable_ifIXaasr21is_move_constructibleIT_EE5valuesr18is_move_assignableISA_EE5valueEvE4typeERSA_SD_  djimotor.o
    0x080078fa   0x080078fa   0x00000002   PAD
    0x080078fc   0x080078fc   0x0000002a   Code   RO         1908    .text._ZNSt3__24swapB8nn190000INS_10__function16__policy_storageEEENS_9enable_ifIXaasr21is_move_constructibleIT_EE5valuesr18is_move_assignableIS4_EE5valueEvE4typeERS4_S7_  djimotor.o
    0x08007926   0x08007926   0x00000002   PAD
    0x08007928   0x08007928   0x0000001e   Code   RO         1906    .text._ZNSt3__24swapB8nn190000IPKNS_10__function8__policyEEENS_9enable_ifIXaasr21is_move_constructibleIT_EE5valuesr18is_move_assignableIS6_EE5valueEvE4typeERS6_S9_  djimotor.o
    0x08007946   0x08007946   0x00000002   PAD
    0x08007948   0x08007948   0x00000010   Code   RO         1854    .text._ZNSt3__26vectorIN5motor15AngleCalculatorENS_9allocatorIS2_EEE16__destroy_vectorC2B8nn190000ERS5_  djimotor.o
    0x08007958   0x08007958   0x0000004a   Code   RO         1856    .text._ZNSt3__26vectorIN5motor15AngleCalculatorENS_9allocatorIS2_EEE16__destroy_vectorclB8nn190000Ev  djimotor.o
    0x080079a2   0x080079a2   0x00000002   PAD
    0x080079a4   0x080079a4   0x00000042   Code   RO         1868    .text._ZNSt3__26vectorIN5motor15AngleCalculatorENS_9allocatorIS2_EEE22__base_destruct_at_endB8nn190000EPS2_  djimotor.o
    0x080079e6   0x080079e6   0x00000002   PAD
    0x080079e8   0x080079e8   0x00000012   Code   RO         1864    .text._ZNSt3__26vectorIN5motor15AngleCalculatorENS_9allocatorIS2_EEE7__allocB8nn190000Ev  djimotor.o
    0x080079fa   0x080079fa   0x00000002   PAD
    0x080079fc   0x080079fc   0x00000012   Code   RO         1858    .text._ZNSt3__26vectorIN5motor15AngleCalculatorENS_9allocatorIS2_EEE7__clearB8nn190000Ev  djimotor.o
    0x08007a0e   0x08007a0e   0x00000002   PAD
    0x08007a10   0x08007a10   0x00000024   Code   RO         1840    .text._ZNSt3__26vectorIN5motor15AngleCalculatorENS_9allocatorIS2_EEEC2B8nn190000Ev  djimotor.o
    0x08007a34   0x08007a34   0x0000001e   Code   RO         1852    .text._ZNSt3__26vectorIN5motor15AngleCalculatorENS_9allocatorIS2_EEED2B8nn190000Ev  djimotor.o
    0x08007a52   0x08007a52   0x00000002   PAD
    0x08007a54   0x08007a54   0x00000014   Code   RO         1952    .text._ZNSt3__28__invokeB8nn190000IRPFvRKN9CanDriver8CanFrameEEJS4_EEEDTclclsr3stdE7declvalIT_EEspclsr3stdE7declvalIT0_EEEEOS8_DpOS9_  djimotor.o
    0x08007a68   0x08007a68   0x00000014   Code   RO         1898    .text._ZNSt3__28functionIFvRKN9CanDriver8CanFrameEEE4swapERS6_  djimotor.o
    0x08007a7c   0x08007a7c   0x00000014   Code   RO         2032    .text._ZNSt3__28functionIFvRKN9CanDriver8CanFrameEEEC2B8nn190000Ev  can_driver.o
    0x08007a90   0x08007a90   0x00000018   Code   RO         1896    .text._ZNSt3__28functionIFvRKN9CanDriver8CanFrameEEEC2ERKS6_  djimotor.o
    0x08007aa8   0x08007aa8   0x00000018   Code   RO         1828    .text._ZNSt3__28functionIFvRKN9CanDriver8CanFrameEEEC2IPS5_vEET_  djimotor.o
    0x08007ac0   0x08007ac0   0x00000014   Code   RO         1830    .text._ZNSt3__28functionIFvRKN9CanDriver8CanFrameEEED2Ev  djimotor.o
    0x08007ad4   0x08007ad4   0x0000002a   Code   RO         1894    .text._ZNSt3__28functionIFvRKN9CanDriver8CanFrameEEEaSERKS6_  djimotor.o
    0x08007afe   0x08007afe   0x00000002   PAD
    0x08007b00   0x08007b00   0x0000001a   Code   RO         1876    .text._ZNSt3__29allocatorIN5motor15AngleCalculatorEE10deallocateB8nn190000EPS2_j  djimotor.o
    0x08007b1a   0x08007b1a   0x00000002   PAD
    0x08007b1c   0x08007b1c   0x0000000a   Code   RO         1874    .text._ZNSt3__29allocatorIN5motor15AngleCalculatorEE7destroyB8nn190000EPS2_  djimotor.o
    0x08007b26   0x08007b26   0x00000002   PAD
    0x08007b28   0x08007b28   0x00000014   Code   RO         1848    .text._ZNSt3__29allocatorIN5motor15AngleCalculatorEEC2B8nn190000Ev  djimotor.o
    0x08007b3c   0x08007b3c   0x0000000c   Code   RO         2348    .text._ZSt15get_new_handlerv  libcppabi_w.l(cxa_handlers.cpp.o)
    0x08007b48   0x08007b48   0x00000038   Code   RO         2327    .text._ZSt17__throw_bad_allocv  libcpp_w.l(new_helpers.cpp.o)
    0x08007b80   0x08007b80   0x00000004   Code   RO         2125    .text._ZdlPv        libcpp_w.l(new.cpp.o)
    0x08007b84   0x08007b84   0x00000030   Code   RO          903    .text.__NVIC_EnableIRQ  stm32f4xx_hal_cortex.o
    0x08007bb4   0x08007bb4   0x00000010   Code   RO          895    .text.__NVIC_GetPriorityGrouping  stm32f4xx_hal_cortex.o
    0x08007bc4   0x08007bc4   0x00000042   Code   RO          897    .text.__NVIC_SetPriority  stm32f4xx_hal_cortex.o
    0x08007c06   0x08007c06   0x00000002   PAD
    0x08007c08   0x08007c08   0x0000003c   Code   RO          891    .text.__NVIC_SetPriorityGrouping  stm32f4xx_hal_cortex.o
    0x08007c44   0x08007c44   0x00000028   Code   RO         2170    .text.__cxa_pure_virtual  libcppabi_w.l(cxa_virtual.cpp.o)
    0x08007c6c   0x08007c6c   0x00000030   Code   RO         1778    .text.__cxx_global_var_init  djimotor.o
    0x08007c9c   0x08007c9c   0x00000010   Code   RO         1966    .text.__cxx_global_var_init  dr16.o
    0x08007cac   0x08007cac   0x00000030   Code   RO         1780    .text.__cxx_global_var_init.1  djimotor.o
    0x08007cdc   0x08007cdc   0x00000030   Code   RO         1782    .text.__cxx_global_var_init.2  djimotor.o
    0x08007d0c   0x08007d0c   0x00000030   Code   RO         1784    .text.__cxx_global_var_init.3  djimotor.o
    0x08007d3c   0x08007d3c   0x00000004   Code   RO         2332    .text.abort_message  libcppabi_w.l(abort_message.cpp.o)
    0x08007d40   0x08007d40   0x00000044   Code   RO           11    .text.main          main.o
    0x08007d84   0x08007d84   0x00000028   Code   RO         1510    .text.makeFreeRtosPriority  cmsis_os.o
    0x08007dac   0x08007dac   0x00000028   Code   RO         1524    .text.osDelay       cmsis_os.o
    0x08007dd4   0x08007dd4   0x0000000a   Code   RO         1500    .text.osKernelStart  cmsis_os.o
    0x08007dde   0x08007dde   0x00000002   PAD
    0x08007de0   0x08007de0   0x000000ac   Code   RO         1508    .text.osThreadCreate  cmsis_os.o
    0x08007e8c   0x08007e8c   0x000000f4   Code   RO         1384    .text.prvAddCurrentTaskToDelayedList  tasks.o
    0x08007f80   0x08007f80   0x00000110   Code   RO         1370    .text.prvAddNewTaskToReadyList  tasks.o
    0x08008090   0x08008090   0x0000005a   Code   RO         1468    .text.prvCheckTasksWaitingTermination  tasks.o
    0x080080ea   0x080080ea   0x00000002   PAD
    0x080080ec   0x080080ec   0x0000005e   Code   RO         1376    .text.prvDeleteTCB  tasks.o
    0x0800814a   0x0800814a   0x00000002   PAD
    0x0800814c   0x0800814c   0x000000bc   Code   RO         1622    .text.prvHeapInit   heap_4.o
    0x08008208   0x08008208   0x00000038   Code   RO         1406    .text.prvIdleTask   tasks.o
    0x08008240   0x08008240   0x00000114   Code   RO         1368    .text.prvInitialiseNewTask  tasks.o
    0x08008354   0x08008354   0x0000008e   Code   RO         1466    .text.prvInitialiseTaskLists  tasks.o
    0x080083e2   0x080083e2   0x00000002   PAD
    0x080083e4   0x080083e4   0x000000c6   Code   RO         1624    .text.prvInsertBlockIntoFreeList  heap_4.o
    0x080084aa   0x080084aa   0x00000002   PAD
    0x080084ac   0x080084ac   0x00000028   Code   RO         1663    .text.prvPortStartFirstTask  port.o
    0x080084d4   0x080084d4   0x00000046   Code   RO         1378    .text.prvResetNextTaskUnblockTime  tasks.o
    0x0800851a   0x0800851a   0x00000002   PAD
    0x0800851c   0x0800851c   0x0000004c   Code   RO         1653    .text.prvTaskExitError  port.o
    0x08008568   0x08008568   0x000001ec   Code   RO         1620    .text.pvPortMalloc  heap_4.o
    0x08008754   0x08008754   0x0000005e   Code   RO         1651    .text.pxPortInitialiseStack  port.o
    0x080087b2   0x080087b2   0x0000002c   Code   RO         2161    .text.unlikely.__cxa_guard_acquire  libcppabi_w.l(cxa_guard.cpp.o)
    0x080087de   0x080087de   0x00000008   Code   RO         2163    .text.unlikely.__cxa_guard_release  libcppabi_w.l(cxa_guard.cpp.o)
    0x080087e6   0x080087e6   0x00000002   PAD
    0x080087e8   0x080087e8   0x00000048   Code   RO         1238    .text.uxListRemove  list.o
    0x08008830   0x08008830   0x0000002a   Code   RO           35    .text.vApplicationGetIdleTaskMemory  freertos.o
    0x0800885a   0x0800885a   0x00000002   PAD
    0x0800885c   0x0800885c   0x0000002e   Code   RO         1230    .text.vListInitialise  list.o
    0x0800888a   0x0800888a   0x00000002   PAD
    0x0800888c   0x0800888c   0x0000000e   Code   RO         1232    .text.vListInitialiseItem  list.o
    0x0800889a   0x0800889a   0x00000002   PAD
    0x0800889c   0x0800889c   0x0000006a   Code   RO         1236    .text.vListInsert   list.o
    0x08008906   0x08008906   0x00000002   PAD
    0x08008908   0x08008908   0x0000003a   Code   RO         1234    .text.vListInsertEnd  list.o
    0x08008942   0x08008942   0x00000002   PAD
    0x08008944   0x08008944   0x00000014   Code   RO         1661    .text.vPortEnableVFP  port.o
    0x08008958   0x08008958   0x00000056   Code   RO         1667    .text.vPortEnterCritical  port.o
    0x080089ae   0x080089ae   0x00000002   PAD
    0x080089b0   0x080089b0   0x0000004a   Code   RO         1669    .text.vPortExitCritical  port.o
    0x080089fa   0x080089fa   0x00000002   PAD
    0x080089fc   0x080089fc   0x000000ce   Code   RO         1626    .text.vPortFree     heap_4.o
    0x08008aca   0x08008aca   0x00000002   PAD
    0x08008acc   0x08008acc   0x00000044   Code   RO         1659    .text.vPortSetupTimerInterrupt  port.o
    0x08008b10   0x08008b10   0x0000006e   Code   RO         1380    .text.vTaskDelay    tasks.o
    0x08008b7e   0x08008b7e   0x00000002   PAD
    0x08008b80   0x08008b80   0x000000ce   Code   RO         1404    .text.vTaskStartScheduler  tasks.o
    0x08008c4e   0x08008c4e   0x00000002   PAD
    0x08008c50   0x08008c50   0x00000010   Code   RO         1382    .text.vTaskSuspendAll  tasks.o
    0x08008c60   0x08008c60   0x000000be   Code   RO         1396    .text.vTaskSwitchContext  tasks.o
    0x08008d1e   0x08008d1e   0x00000002   PAD
    0x08008d20   0x08008d20   0x00000156   Code   RO         1657    .text.xPortStartScheduler  port.o
    0x08008e76   0x08008e76   0x00000002   PAD
    0x08008e78   0x08008e78   0x0000009e   Code   RO         1372    .text.xTaskCreate   tasks.o
    0x08008f16   0x08008f16   0x00000002   PAD
    0x08008f18   0x08008f18   0x000000ce   Code   RO         1366    .text.xTaskCreateStatic  tasks.o
    0x08008fe6   0x08008fe6   0x00000002   PAD
    0x08008fe8   0x08008fe8   0x000001b8   Code   RO         1410    .text.xTaskIncrementTick  tasks.o
    0x080091a0   0x080091a0   0x00000178   Code   RO         1386    .text.xTaskResumeAll  tasks.o
    0x08009318   0x08009318   0x0000003e   Code   RO         2662    CL$$btod_d2e        c_w.l(btod.o)
    0x08009356   0x08009356   0x00000046   Code   RO         2664    CL$$btod_d2e_denorm_low  c_w.l(btod.o)
    0x0800939c   0x0800939c   0x00000060   Code   RO         2663    CL$$btod_d2e_norm_op1  c_w.l(btod.o)
    0x080093fc   0x080093fc   0x00000338   Code   RO         2672    CL$$btod_div_common  c_w.l(btod.o)
    0x08009734   0x08009734   0x000000dc   Code   RO         2669    CL$$btod_e2e        c_w.l(btod.o)
    0x08009810   0x08009810   0x0000002a   Code   RO         2666    CL$$btod_ediv       c_w.l(btod.o)
    0x0800983a   0x0800983a   0x0000002a   Code   RO         2665    CL$$btod_emul       c_w.l(btod.o)
    0x08009864   0x08009864   0x00000244   Code   RO         2671    CL$$btod_mult_common  c_w.l(btod.o)
    0x08009aa8   0x08009aa8   0x00000024   Code   RO         2117    __lcxx_override     libcpp_w.l(new.cpp.o)
    0x08009acc   0x08009acc   0x00000030   Code   RO         2709    i.__ARM_fpclassify  m_wm.l(fpclassify.o)
    0x08009afc   0x08009afc   0x0000000e   Code   RO         2458    i._is_digit         c_w.l(__printf_wp.o)
    0x08009b0a   0x08009b0a   0x0000001c   Code   RO         2573    i.fputc             c_w.l(fputc.o)
    0x08009b26   0x08009b26   0x00000002   PAD
    0x08009b28   0x08009b28   0x0000002c   Code   RO         2693    locale$$code        c_w.l(lc_numeric_c.o)
    0x08009b54   0x08009b54   0x0000002c   Code   RO         2737    locale$$code        c_w.l(lc_ctype_c.o)
    0x08009b80   0x08009b80   0x00000062   Code   RO         2110    x$fpl$d2f           fz_wm.l(d2f.o)
    0x08009be2   0x08009be2   0x00000002   PAD
    0x08009be4   0x08009be4   0x00000154   Code   RO         2112    x$fpl$dmul          fz_wm.l(dmul.o)
    0x08009d38   0x08009d38   0x0000009c   Code   RO         2317    x$fpl$dnaninf       fz_wm.l(dnaninf.o)
    0x08009dd4   0x08009dd4   0x0000000c   Code   RO         2319    x$fpl$dretinf       fz_wm.l(dretinf.o)
    0x08009de0   0x08009de0   0x00000056   Code   RO         2114    x$fpl$f2d           fz_wm.l(f2d.o)
    0x08009e36   0x08009e36   0x0000008c   Code   RO         2321    x$fpl$fnaninf       fz_wm.l(fnaninf.o)
    0x08009ec2   0x08009ec2   0x0000001a   Code   RO         2506    x$fpl$fpinit        fz_wm.l(fpinit.o)
    0x08009edc   0x08009edc   0x0000000a   Code   RO         2323    x$fpl$fretinf       fz_wm.l(fretinf.o)
    0x08009ee6   0x08009ee6   0x00000004   Code   RO         2508    x$fpl$printf1       fz_wm.l(printf1.o)
    0x08009eea   0x08009eea   0x00000004   Code   RO         2510    x$fpl$printf2       fz_wm.l(printf2.o)
    0x08009eee   0x08009eee   0x00000000   Code   RO         2325    x$fpl$usenofp       fz_wm.l(usenofp.o)
    0x08009eee   0x08009eee   0x00000002   PAD
    0x08009ef0   0x08009ef0   0x00000008   Data   RO         2417    .constdata          c_w.l(_printf_wctomb.o)
    0x08009ef8   0x08009ef8   0x00000028   Data   RO         2446    .constdata          c_w.l(_printf_hex_int_ll_ptr.o)
    0x08009f20   0x08009f20   0x00000011   Data   RO         2466    .constdata          c_w.l(__printf_flags_ss_wp.o)
    0x08009f31   0x08009f31   0x00000004   Data   RO         2529    .constdata          c_w.l(sys_io_names.o)
    0x08009f35   0x08009f35   0x00000004   Data   RO         2530    .constdata          c_w.l(sys_io_names.o)
    0x08009f39   0x08009f39   0x00000004   Data   RO         2531    .constdata          c_w.l(sys_io_names.o)
    0x08009f3d   0x08009f3d   0x00000026   Data   RO         2561    .constdata          c_w.l(_printf_fp_hex.o)
    0x08009f63   0x08009f63   0x00000001   PAD
    0x08009f64   0x08009f64   0x00000094   Data   RO         2660    .constdata          c_w.l(bigflt0.o)
    0x08009ff8   0x08009ff8   0x0000001c   Data   RO           58    .rodata..L__const.MX_FREERTOS_Init.os_thread_def_capacitor  freertos.o
    0x0800a014   0x0800a014   0x0000001c   Data   RO           60    .rodata..L__const.MX_FREERTOS_Init.os_thread_def_chassis_comm  freertos.o
    0x0800a030   0x0800a030   0x0000001c   Data   RO           54    .rodata..L__const.MX_FREERTOS_Init.os_thread_def_chassis_ctrl  freertos.o
    0x0800a04c   0x0800a04c   0x0000001c   Data   RO           56    .rodata..L__const.MX_FREERTOS_Init.os_thread_def_chassis_monitor  freertos.o
    0x0800a068   0x0800a068   0x0000001c   Data   RO           52    .rodata..L__const.MX_FREERTOS_Init.os_thread_def_defaultTask  freertos.o
    0x0800a084   0x0800a084   0x00000010   Data   RO         1191    .rodata.AHBPrescTable  system_stm32f4xx.o
    0x0800a094   0x0800a094   0x00000008   Data   RO         1192    .rodata.APBPrescTable  system_stm32f4xx.o
    0x0800a09c   0x0800a09c   0x00000008   Data   RO          821    .rodata.DMA_CalcBaseAndBitshift.flagBitshiftOffset  stm32f4xx_hal_dma.o
    0x0800a0a4   0x0800a0a4   0x00000014   Data   RO         2054    .rodata._ZTVN9CanDriver11STM32CANHalE  can_driver.o
    0x0800a0b8   0x0800a0b8   0x00000014   Data   RO         2055    .rodata._ZTVN9CanDriver6CanHalE  can_driver.o
    0x0800a0cc   0x0800a0cc   0x00000010   Data   RO         1958    .rodata._ZZNSt3__210__function8__policy14__create_emptyB8nn190000EvE8__policy  djimotor.o
    0x0800a0dc   0x0800a0dc   0x00000010   Data   RO         1959    .rodata._ZZNSt3__210__function8__policy15__choose_policyB8nn190000INS0_20__default_alloc_funcIPFvRKN9CanDriver8CanFrameEES8_EEEEPKS1_NS_17integral_constantIbLb1EEEE8__policy  djimotor.o
    0x0800a0ec   0x0800a0ec   0x00000040   Data   RO           51    .rodata.str1.1      freertos.o
    0x0800a12c   0x0800a12c   0x00000005   Data   RO         1481    .rodata.str1.1      tasks.o
    0x0800a131   0x0800a131   0x00000035   Data   RO         1804    .rodata.str1.1      djimotor.o
    0x0800a166   0x0800a166   0x00000093   Data   RO         2167    .rodata.str1.1      libcppabi_w.l(cxa_guard.cpp.o)
    0x0800a1f9   0x0800a1f9   0x00000003   PAD
    0x0800a1fc   0x0800a1fc   0x00000020   Data   RO         2775    Region$$Table       anon$$obj.o
    0x0800a21c   0x0800a21c   0x0000001c   Data   RO         2692    locale$$data        c_w.l(lc_numeric_c.o)
    0x0800a238   0x0800a238   0x00000110   Data   RO         2736    locale$$data        c_w.l(lc_ctype_c.o)
    0x0800a348   0x0800a348   0x00000004   Data   RO         1805    .init_array         djimotor.o
    0x0800a34c   0x0800a348   0x00000004   Data   RO         1974    .init_array         dr16.o
    0x0800a350   0x0800a348   0x00000000   Data   RO         2105    .init_array         c_w.l(init_aeabi.o)


    Execution Region RW_IRAM1 (Exec base: 0x20000000, Load base: 0x0800a350, Size: 0x00004ca8, Max: 0x0001c000, ABSOLUTE)

    Exec Addr    Load Addr    Size         Type   Attr      Idx    E Section Name        Object

    0x20000000   0x0800a350   0x00000004   Data   RW         2251    .data               c_w.l(stdio_streams.o)
    0x20000004   0x0800a354   0x00000004   Data   RW         2252    .data               c_w.l(stdio_streams.o)
    0x20000008   0x0800a358   0x00000004   Data   RW         2253    .data               c_w.l(stdio_streams.o)
    0x2000000c   0x0800a35c   0x00000004   Data   RW         1190    .data.SystemCoreClock  system_stm32f4xx.o
    0x20000010   0x0800a360   0x00000001   Data   RW         1021    .data.uwTickFreq    stm32f4xx_hal.o
    0x20000011   0x0800a361   0x00000003   PAD
    0x20000014   0x0800a364   0x00000004   Data   RW         1020    .data.uwTickPrio    stm32f4xx_hal.o
    0x20000018   0x0800a368   0x00000004   Data   RW         1679    .data.uxCriticalNesting  port.o
    0x2000001c   0x0800a36c   0x00000004   PAD
    0x20000020        -       0x00000054   Zero   RW         2248    .bss                c_w.l(stdio_streams.o)
    0x20000074        -       0x00000054   Zero   RW         2249    .bss                c_w.l(stdio_streams.o)
    0x200000c8        -       0x00000054   Zero   RW         2250    .bss                c_w.l(stdio_streams.o)
    0x2000011c        -       0x00000060   Zero   RW         2535    .bss                c_w.l(libspace.o)
    0x2000017c        -       0x00000004   Zero   RW           79    .bss.HAL_RCC_CAN1_CLK_ENABLED  can.o
    0x20000180        -       0x00000068   Zero   RW         1796    .bss.M3508_201      djimotor.o
    0x200001e8        -       0x00000068   Zero   RW         1797    .bss.M3508_202      djimotor.o
    0x20000250        -       0x00000068   Zero   RW         1798    .bss.M3508_203      djimotor.o
    0x200002b8        -       0x00000068   Zero   RW         1799    .bss.M3508_204      djimotor.o
    0x20000320        -       0x00000004   Zero   RW         1801    .bss._ZGVZ7CanInitE16motorController1  djimotor.o
    0x20000324        -       0x00000004   Zero   RW         1803    .bss._ZGVZ7CanInitE16motorController2  djimotor.o
    0x20000328        -       0x00000004   Zero   RW         2003    .bss._ZL7can1Hal    can_driver.o
    0x2000032c        -       0x00000004   Zero   RW         2004    .bss._ZL7can2Hal    can_driver.o
    0x20000330        -       0x00000004   Zero   RW         1800    .bss._ZZ7CanInitE16motorController1  djimotor.o
    0x20000334        -       0x00000004   Zero   RW         1802    .bss._ZZ7CanInitE16motorController2  djimotor.o
    0x20000338        -       0x00000004   Zero   RW         2525    .bss.__cxa_new_handler  libcppabi_w.l(cxa_default_handlers.cpp.o)
    0x2000033c        -       0x00000004   Zero   RW           59    .bss.capacitorHandle  freertos.o
    0x20000340        -       0x00000004   Zero   RW           61    .bss.chassis_commHandle  freertos.o
    0x20000344        -       0x00000004   Zero   RW           55    .bss.chassis_ctrlHandle  freertos.o
    0x20000348        -       0x00000004   Zero   RW           57    .bss.chassis_monitorHandle  freertos.o
    0x2000034c        -       0x00000004   Zero   RW           53    .bss.defaultTaskHandle  freertos.o
    0x20000350        -       0x0000005c   Zero   RW         1972    .bss.dr16           dr16.o
    0x200003ac        -       0x00000028   Zero   RW           77    .bss.hcan1          can.o
    0x200003d4        -       0x00000028   Zero   RW           78    .bss.hcan2          can.o
    0x200003fc        -       0x00000060   Zero   RW          124    .bss.hdma_usart1_rx  usart.o
    0x2000045c        -       0x00000060   Zero   RW          125    .bss.hdma_usart1_tx  usart.o
    0x200004bc        -       0x00000060   Zero   RW          126    .bss.hdma_usart3_rx  usart.o
    0x2000051c        -       0x00000060   Zero   RW          127    .bss.hdma_usart6_tx  usart.o
    0x2000057c        -       0x00000048   Zero   RW          194    .bss.htim1          stm32f4xx_hal_timebase_tim.o
    0x200005c4        -       0x00000048   Zero   RW          103    .bss.htim4          tim.o
    0x2000060c        -       0x00000048   Zero   RW          121    .bss.huart1         usart.o
    0x20000654        -       0x00000048   Zero   RW          122    .bss.huart3         usart.o
    0x2000069c        -       0x00000048   Zero   RW          123    .bss.huart6         usart.o
    0x200006e4        -       0x00000012   Zero   RW         1973    .bss.pData          dr16.o
    0x200006f6   0x0800a36c   0x00000002   PAD
    0x200006f8        -       0x00000004   Zero   RW         1470    .bss.pxCurrentTCB   tasks.o
    0x200006fc        -       0x00000004   Zero   RW         1487    .bss.pxDelayedTaskList  tasks.o
    0x20000700        -       0x00000004   Zero   RW         1636    .bss.pxEnd          heap_4.o
    0x20000704        -       0x00000004   Zero   RW         1488    .bss.pxOverflowDelayedTaskList  tasks.o
    0x20000708        -       0x0000008c   Zero   RW         1471    .bss.pxReadyTasksLists  tasks.o
    0x20000794        -       0x00003c00   Zero   RW         1643    .bss.ucHeap         heap_4.o
    0x20004394        -       0x00000001   Zero   RW         1677    .bss.ucMaxSysCallPriority  port.o
    0x20004395   0x0800a36c   0x00000003   PAD
    0x20004398        -       0x00000004   Zero   RW         1678    .bss.ulMaxPRIGROUPValue  port.o
    0x2000439c        -       0x00000004   Zero   RW         1022    .bss.uwTick         stm32f4xx_hal.o
    0x200043a0        -       0x00000004   Zero   RW         1476    .bss.uxCurrentNumberOfTasks  tasks.o
    0x200043a4        -       0x00000004   Zero   RW         1475    .bss.uxDeletedTasksWaitingCleanUp  tasks.o
    0x200043a8        -       0x00000004   Zero   RW         1478    .bss.uxSchedulerSuspended  tasks.o
    0x200043ac        -       0x00000004   Zero   RW         1473    .bss.uxTaskNumber   tasks.o
    0x200043b0        -       0x00000004   Zero   RW         1472    .bss.uxTopReadyPriority  tasks.o
    0x200043b4        -       0x00000004   Zero   RW         1637    .bss.xBlockAllocatedBit  heap_4.o
    0x200043b8        -       0x00000014   Zero   RW         1490    .bss.xDelayedTaskList1  tasks.o
    0x200043cc        -       0x00000014   Zero   RW         1491    .bss.xDelayedTaskList2  tasks.o
    0x200043e0        -       0x00000004   Zero   RW         1638    .bss.xFreeBytesRemaining  heap_4.o
    0x200043e4        -       0x00000200   Zero   RW           50    .bss.xIdleStack     freertos.o
    0x200045e4        -       0x00000004   Zero   RW         1482    .bss.xIdleTaskHandle  tasks.o
    0x200045e8        -       0x00000054   Zero   RW           49    .bss.xIdleTaskTCBBuffer  freertos.o
    0x2000463c        -       0x00000004   Zero   RW         1640    .bss.xMinimumEverFreeBytesRemaining  heap_4.o
    0x20004640        -       0x00000004   Zero   RW         1483    .bss.xNextTaskUnblockTime  tasks.o
    0x20004644        -       0x00000004   Zero   RW         1489    .bss.xNumOfOverflows  tasks.o
    0x20004648        -       0x00000004   Zero   RW         1641    .bss.xNumberOfSuccessfulAllocations  heap_4.o
    0x2000464c        -       0x00000004   Zero   RW         1642    .bss.xNumberOfSuccessfulFrees  heap_4.o
    0x20004650        -       0x00000004   Zero   RW         1486    .bss.xPendedTicks   tasks.o
    0x20004654        -       0x00000014   Zero   RW         1480    .bss.xPendingReadyList  tasks.o
    0x20004668        -       0x00000004   Zero   RW         1477    .bss.xSchedulerRunning  tasks.o
    0x2000466c        -       0x00000008   Zero   RW         1639    .bss.xStart         heap_4.o
    0x20004674        -       0x00000014   Zero   RW         1479    .bss.xSuspendedTaskList  tasks.o
    0x20004688        -       0x00000014   Zero   RW         1474    .bss.xTasksWaitingTermination  tasks.o
    0x2000469c        -       0x00000004   Zero   RW         1484    .bss.xTickCount     tasks.o
    0x200046a0        -       0x00000004   Zero   RW         1485    .bss.xYieldPending  tasks.o
    0x200046a4   0x0800a36c   0x00000004   PAD
    0x200046a8        -       0x00000200   Zero   RW            2    HEAP                startup_stm32f407xx.o
    0x200048a8        -       0x00000400   Zero   RW            1    STACK               startup_stm32f407xx.o


    Execution Region RW_IRAM2 (Exec base: 0x2001c000, Load base: 0x0800a370, Size: 0x00000000, Max: 0x00004000, ABSOLUTE)

    **** No section assigned to this execution region ****


==============================================================================

Image component sizes


      Code (inc. data)   RO Data    RW Data    ZI Data      Debug   Object Name

       584          0          0          0         84       6432   can.o
      1380          0         40          0          8      43334   can_driver.o
       262          0          0          0          0      16276   cmsis_os.o
      2672         32         89          0        432      67665   djimotor.o
       152          0          0          0          0       3321   dma.o
       344          0          4          0        110       5808   dr16.o
       442          0        204          0        616       3646   freertos.o
       210          0          0          0          0       1576   gpio.o
      1084          0          0          0      15392       4408   heap_4.o
       296          0          0          0          0       2211   list.o
       292          0          0          0          0       5700   main.o
       996         16          0          4          5       3818   port.o
        64         26        392          0       1536        844   startup_stm32f407xx.o
        92          0          0          5          4       7103   stm32f4xx_hal.o
      3090          0          0          0          0      11543   stm32f4xx_hal_can.o
       384          0          0          0          0       9714   stm32f4xx_hal_cortex.o
      1794          8          8          0          0       8492   stm32f4xx_hal_dma.o
       950          0          0          0          0       5088   stm32f4xx_hal_gpio.o
        88          0          0          0          0       3348   stm32f4xx_hal_msp.o
      2730          0          0          0          0       7592   stm32f4xx_hal_rcc.o
      2762         14          0          0          0      35997   stm32f4xx_hal_tim.o
       306          0          0          0          0      15328   stm32f4xx_hal_tim_ex.o
       218          0          0          0         72       7033   stm32f4xx_hal_timebase_tim.o
      2630          0          0          0          0      20423   stm32f4xx_hal_uart.o
       230          0          0          0          0       2022   stm32f4xx_it.o
        18          0         24          4          0       2499   system_stm32f4xx.o
      2946          0          5          0        300      20345   tasks.o
       346          0          0          0         72       7663   tim.o
       224          0          0          0          0       5749   uart_driver.o
      1076          0          0          0        600       7807   usart.o

    ----------------------------------------------------------------------
     28896         96        798         16      19244     342785   Object Totals
         0          0         32          0          0          0   (incl. Generated)
       234          0          0          3         13          0   (incl. Padding)

    ----------------------------------------------------------------------

      Code (inc. data)   RO Data    RW Data    ZI Data      Debug   Library Member Name

         8          0          0          0          0         68   __main.o
       392          4         17          0          0         92   __printf_flags_ss_wp.o
        14          0          0          0          0         68   __printf_wp.o
         0          0          0          0          0          0   __rtentry.o
        12          0          0          0          0          0   __rtentry2.o
         6          0          0          0          0          0   __rtentry4.o
        94          8          0          0          0          0   __scatter.o
        26          0          0          0          0          0   __scatter_copy.o
        28          0          0          0          0          0   __scatter_zi.o
        72          0          0          0          0         96   _c16rtomb.o
         6          0          0          0          0          0   _printf_a.o
         6          0          0          0          0          0   _printf_c.o
        44          0          0          0          0        108   _printf_char.o
        48          6          0          0          0         96   _printf_char_common.o
        36          4          0          0          0         80   _printf_char_file.o
        40          0          0          0          0         68   _printf_charcount.o
         6          0          0          0          0          0   _printf_d.o
       120         16          0          0          0         92   _printf_dec.o
         6          0          0          0          0          0   _printf_e.o
         6          0          0          0          0          0   _printf_f.o
      1052          0          0          0          0        148   _printf_fp_dec.o
       764          8         38          0          0        100   _printf_fp_hex.o
       128         16          0          0          0         84   _printf_fp_infnan.o
         6          0          0          0          0          0   _printf_g.o
       148          4         40          0          0        160   _printf_hex_int_ll_ptr.o
         6          0          0          0          0          0   _printf_i.o
       178          0          0          0          0         88   _printf_intcommon.o
        10          0          0          0          0          0   _printf_l.o
         6          0          0          0          0          0   _printf_lc.o
        10          0          0          0          0          0   _printf_ll.o
         6          0          0          0          0          0   _printf_lld.o
         6          0          0          0          0          0   _printf_lli.o
         6          0          0          0          0          0   _printf_llo.o
         6          0          0          0          0          0   _printf_llu.o
         6          0          0          0          0          0   _printf_llx.o
       124         16          0          0          0         92   _printf_longlong_dec.o
         6          0          0          0          0          0   _printf_ls.o
         6          0          0          0          0          0   _printf_n.o
         6          0          0          0          0          0   _printf_o.o
       112          8          0          0          0        124   _printf_oct_int_ll.o
         6          0          0          0          0          0   _printf_p.o
        78          0          0          0          0        108   _printf_pad.o
         0          0          0          0          0          0   _printf_percent.o
         4          0          0          0          0          0   _printf_percent_end.o
         6          0          0          0          0          0   _printf_s.o
        82          0          0          0          0         80   _printf_str.o
        36          0          0          0          0         84   _printf_truncate.o
         6          0          0          0          0          0   _printf_u.o
        44          0          0          0          0        108   _printf_wchar.o
       188          6          8          0          0         92   _printf_wctomb.o
         6          0          0          0          0          0   _printf_x.o
        22          0          0          0          0         80   abort.o
        46          0          0          0          0         84   aeabi_atexit.o
       228          4        148          0          0         96   bigflt0.o
      1936        128          0          0          0        668   btod.o
        10          0          0          0          0         68   cxa_atexit.o
        66          0          0          0          0         84   cxa_finalize.o
        48         34          0          0          0         76   defsig_abrt_inner.o
        14          0          0          0          0         80   defsig_abrt_outer.o
        10          0          0          0          0         68   defsig_exit.o
        50          0          0          0          0         88   defsig_general.o
        80         58          0          0          0         76   defsig_rtmem_inner.o
        14          0          0          0          0         80   defsig_rtmem_outer.o
        52         38          0          0          0         76   defsig_rtred_inner.o
        14          0          0          0          0         80   defsig_rtred_outer.o
        18          0          0          0          0         80   exit.o
        76          0          0          0          0         88   fclose.o
         8          0          0          0          0         68   ferror.o
       482          0          0          0          0         92   flsbuf.o
       240          6          0          0          0        128   fopen.o
        28          0          0          0          0         68   fputc.o
       248          6          0          0          0         84   fseek.o
        66          0          0          0          0         76   ftell.o
        94          0          0          0          0         80   h1_alloc.o
        52          0          0          0          0         68   h1_extend.o
        78          0          0          0          0         80   h1_free.o
        12          0          0          0          0         84   h1_init.o
       174          0          0          0          0         88   h1_memalign.o
         6          0          0          0          0        152   heapauxi.o
         4          0          0          0          0        136   hguard.o
         0          0          0          0          0          0   indicate_semi.o
        44          8          0          0          0         80   init_aeabi.o
       138          0          0          0          0        168   init_alloc.o
       312         46          0          0          0        112   initio.o
        44         10        272          0          0         76   lc_ctype_c.o
        44         10         28          0          0         76   lc_numeric_c.o
         2          0          0          0          0          0   libinit.o
        50          0          0          0          0          0   libinit2.o
         2          0          0          0          0          0   libshutdown.o
        12          0          0          0          0          0   libshutdown2.o
         8          4          0          0         96         68   libspace.o
       138          0          0          0          0         80   lludiv10.o
       240          0          0          0          0        100   lludivv7m.o
         0          0          0          0          0          0   maybetermalloc1.o
        16          4          0          0          0         76   rt_ctype_table.o
         8          4          0          0          0         68   rt_ddtor_pointer_addr_intlibspace.o
         8          4          0          0          0         68   rt_errno_addr_intlibspace.o
         8          4          0          0          0         68   rt_heap_descriptor_intlibspace.o
         8          4          0          0          0         68   rt_locale_intlibspace.o
        78          0          0          0          0         80   rt_memclr_w.o
         2          0          0          0          0          0   rtexit.o
        10          0          0          0          0          0   rtexit2.o
        70          0          0          0          0         80   setvbuf.o
       264          6          0          0          0        160   stdio.o
         0          0          0         12        252          0   stdio_streams.o
       124          0          0          0          0         88   strcmpv7em.o
        62          0          0          0          0         76   strlen.o
        12          4          0          0          0         68   sys_exit.o
       102          0          0          0          0        240   sys_io.o
         0          0         12          0          0          0   sys_io_names.o
        74          0          0          0          0         80   sys_stackheap_outer.o
        14          0          0          0          0         76   sys_wrch.o
         2          0          0          0          0         68   use_no_semi.o
        10          0          0          0          0         68   vfprintf.o
        98          4          0          0          0        140   d2f.o
       340         12          0          0          0        152   dmul.o
       156          4          0          0          0        140   dnaninf.o
        12          0          0          0          0        116   dretinf.o
        86          4          0          0          0        132   f2d.o
       140          4          0          0          0        132   fnaninf.o
        26          0          0          0          0        116   fpinit.o
        10          0          0          0          0        116   fretinf.o
         4          0          0          0          0        116   printf1.o
         4          0          0          0          0        116   printf2.o
         0          0          0          0          0          0   usenofp.o
       152          0          0          0          0        412   new.cpp.o
        56         48          0          0          0         36   new_helpers.cpp.o
        30          0          0          0          0         40   verbose_abort.cpp.o
         4          0          0          0          0         36   abort_message.cpp.o
         0          0          0          0          4          0   cxa_default_handlers.cpp.o
        52          0        147          0          0         76   cxa_guard.cpp.o
        12          0          0          0          0        132   cxa_handlers.cpp.o
        40         32          0          0          0         52   cxa_virtual.cpp.o
        48          0          0          0          0        124   fpclassify.o

    ----------------------------------------------------------------------
     11400        586        714         12        352       9488   Library Totals
        30          0          4          0          0          0   (incl. Padding)

    ----------------------------------------------------------------------

      Code (inc. data)   RO Data    RW Data    ZI Data      Debug   Library Name

     10100        478        563         12        348       7304   c_w.l
       876         28          0          0          0       1276   fz_wm.l
       238         48          0          0          0        488   libcpp_w.l
       108         32        147          0          4        296   libcppabi_w.l
        48          0          0          0          0        124   m_wm.l

    ----------------------------------------------------------------------
     11400        586        714         12        352       9488   Library Totals

    ----------------------------------------------------------------------

==============================================================================


      Code (inc. data)   RO Data    RW Data    ZI Data      Debug   

     40296        682       1512         28      19596     346685   Grand Totals
     40296        682       1512         28      19596     346685   ELF Image Totals
     40296        682       1512         28          0          0   ROM Totals

==============================================================================

    Total RO  Size (Code + RO Data)                41808 (  40.83kB)
    Total RW  Size (RW Data + ZI Data)             19624 (  19.16kB)
    Total ROM Size (Code + RO Data + RW Data)      41836 (  40.86kB)

==============================================================================

